<html>
<body>
<pre>
<h1>礦ision Build Log</h1>
<h2>Tool Versions:</h2>
IDE-Version: μVision V5.18.0.0
Copyright (C) 2016 ARM Ltd and ARM Germany GmbH. All rights reserved.
License Information: 123212 x151794, HP Inc., LIC=ZB4EI-T4AMY-Z9HG9-4GWTR-MC3LQ-JZJ04
 
Tool Versions:
Toolchain:       MDK-ARM Standard  Version: 5.18
Toolchain Path:  C:\Keil_v5\ARM\ARMCC\Bin
C Compiler:      Armcc.exe V5.06 update 1 (build 61)
Assembler:       Armasm.exe V5.06 update 1 (build 61)
Linker/Locator:  ArmLink.exe V5.06 update 1 (build 61)
Library Manager: ArmAr.exe V5.06 update 1 (build 61)
Hex Converter:   FromElf.exe V5.06 update 1 (build 61)
CPU DLL:         SARMCM3.DLL V5.18
Dialog DLL:      DCM.DLL V1.13.6.0
Target DLL:      CMSIS_AGDI.dll V1.25.7.0
Dialog DLL:      TCM.DLL V1.14.8.0
 
<h2>Project:</h2>
C:\Users\x1517\Desktop\F401 课设\课设资料\实训作业最终版\USER\LED.uvprojx
Project File Date:  10/09/2022

<h2>Output:</h2>
*** Using Compiler 'V5.06 update 1 (build 61)', folder: 'C:\Keil_v5\ARM\ARMCC\Bin'
Build target 'LED'
compiling main.c...
..\HARDWARE\DS1302\ds1302.h(63): warning:  #1-D: last line of file ends without a newline
  #endif
..\HARDWARE\LCD1602A\LCD1602.h(71): warning:  #1-D: last line of file ends without a newline
  #endif
..\HARDWARE\DS18B20\DS18B20.h(31): warning:  #1-D: last line of file ends without a newline
  #endif
main.c(482): warning:  #177-D: variable "temp" was declared but never referenced
  		u16 temp;
main.c: 4 warnings, 0 errors
linking...
Program Size: Code=14508 RO-data=360 RW-data=120 ZI-data=3032  
FromELF: creating hex file...
"..\OBJ\LED.axf" - 0 Error(s), 4 Warning(s).

<h2>Collection of Component include folders:</h2>
  C:\Users\x1517\Desktop\F401 课设\课设资料\实训作业最终版\USER\RTE
  C:\Keil_v5\ARM\PACK\Keil\STM32F1xx_DFP\2.1.0\Device\Include

<h2>Collection of Component Files used:</h2>
Build Time Elapsed:  00:00:02
</pre>
</body>
</html>
