Component: ARM Compiler 5.06 update 1 (build 61) Tool: armlink [4d35a8]

==============================================================================

Section Cross References

    main.o(i.main) refers to stm32f1xx_hal.o(i.HAL_Init) for HAL_Init
    main.o(i.main) refers to sys.o(i.Stm32_Clock_Init) for Stm32_Clock_Init
    main.o(i.main) refers to delay.o(i.delay_init) for delay_init
    main.o(i.main) refers to led.o(i.LED_Init) for LED_Init
    main.o(i.main) refers to delay.o(i.delay_ms) for delay_ms
    main.o(i.main) refers to lcd1602.o(i.LCDInit) for LCDInit
    main.o(i.main) refers to led.o(i.KEY_Init) for KEY_Init
    main.o(i.main) refers to stmflash.o(i.STMFLASH_Read) for STMFLASH_Read
    main.o(i.main) refers to stmflash.o(i.STMFLASH_Write) for STMFLASH_Write
    main.o(i.main) refers to ds1302.o(i.DS1302_Init) for DS1302_Init
    main.o(i.main) refers to ds1302.o(i.DS1302_SetTime) for DS1302_SetTime
    main.o(i.main) refers to timer.o(i.TIM3_Init) for TIM3_Init
    main.o(i.main) refers to lcd1602.o(i.Show_T) for Show_T
    main.o(i.main) refers to main.o(i.get_temp) for get_temp
    main.o(i.main) refers to led.o(i.KEY_Scan) for KEY_Scan
    main.o(i.main) refers to main.o(i.Switch_Add) for Switch_Add
    main.o(i.main) refers to stm32f1xx_hal_gpio.o(i.HAL_GPIO_TogglePin) for HAL_GPIO_TogglePin
    main.o(i.main) refers to main.o(i.Switch_Sub) for Switch_Sub
    main.o(i.main) refers to main.o(i.Switch_Set) for Switch_Set
    main.o(i.main) refers to main.o(i.Switch_watch) for Switch_watch
    main.o(i.main) refers to lcd1602.o(i.LCD_Clear) for LCD_Clear
    main.o(i.main) refers to main.o(i.Swtich_Time) for Swtich_Time
    main.o(i.main) refers to main.o(i.show_stopwatch) for show_stopwatch
    main.o(i.main) refers to main.o(.data) for TEXT_Buffer
    main.o(i.main) refers to timer.o(.data) for stop_watch
    stm32f1xx_it.o(i.SysTick_Handler) refers to stm32f1xx_hal.o(i.HAL_IncTick) for HAL_IncTick
    system_stm32f1xx.o(i.SystemCoreClockUpdate) refers to system_stm32f1xx.o(.data) for SystemCoreClock
    system_stm32f1xx.o(i.SystemCoreClockUpdate) refers to system_stm32f1xx.o(.constdata) for AHBPrescTable
    startup_stm32f103xe.o(STACK) refers (Special) to heapauxi.o(.text) for __use_two_region_memory
    startup_stm32f103xe.o(HEAP) refers (Special) to heapauxi.o(.text) for __use_two_region_memory
    startup_stm32f103xe.o(RESET) refers (Special) to heapauxi.o(.text) for __use_two_region_memory
    startup_stm32f103xe.o(RESET) refers to startup_stm32f103xe.o(STACK) for __initial_sp
    startup_stm32f103xe.o(RESET) refers to startup_stm32f103xe.o(.text) for Reset_Handler
    startup_stm32f103xe.o(RESET) refers to stm32f1xx_it.o(i.NMI_Handler) for NMI_Handler
    startup_stm32f103xe.o(RESET) refers to stm32f1xx_it.o(i.HardFault_Handler) for HardFault_Handler
    startup_stm32f103xe.o(RESET) refers to stm32f1xx_it.o(i.MemManage_Handler) for MemManage_Handler
    startup_stm32f103xe.o(RESET) refers to stm32f1xx_it.o(i.BusFault_Handler) for BusFault_Handler
    startup_stm32f103xe.o(RESET) refers to stm32f1xx_it.o(i.UsageFault_Handler) for UsageFault_Handler
    startup_stm32f103xe.o(RESET) refers to stm32f1xx_it.o(i.SVC_Handler) for SVC_Handler
    startup_stm32f103xe.o(RESET) refers to stm32f1xx_it.o(i.DebugMon_Handler) for DebugMon_Handler
    startup_stm32f103xe.o(RESET) refers to stm32f1xx_it.o(i.PendSV_Handler) for PendSV_Handler
    startup_stm32f103xe.o(RESET) refers to stm32f1xx_it.o(i.SysTick_Handler) for SysTick_Handler
    startup_stm32f103xe.o(RESET) refers to timer.o(i.TIM3_IRQHandler) for TIM3_IRQHandler
    startup_stm32f103xe.o(RESET) refers to usart.o(i.USART1_IRQHandler) for USART1_IRQHandler
    startup_stm32f103xe.o(.text) refers (Special) to heapauxi.o(.text) for __use_two_region_memory
    startup_stm32f103xe.o(.text) refers to system_stm32f1xx.o(i.SystemInit) for SystemInit
    startup_stm32f103xe.o(.text) refers to __main.o(!!!main) for __main
    startup_stm32f103xe.o(.text) refers to startup_stm32f103xe.o(HEAP) for Heap_Mem
    startup_stm32f103xe.o(.text) refers to startup_stm32f103xe.o(STACK) for Stack_Mem
    stm32f1xx_hal.o(i.HAL_DeInit) refers to stm32f1xx_hal_msp.o(i.HAL_MspDeInit) for HAL_MspDeInit
    stm32f1xx_hal.o(i.HAL_Delay) refers to stm32f1xx_hal.o(i.HAL_GetTick) for HAL_GetTick
    stm32f1xx_hal.o(i.HAL_Delay) refers to stm32f1xx_hal.o(.data) for uwTickFreq
    stm32f1xx_hal.o(i.HAL_GetTick) refers to stm32f1xx_hal.o(.data) for uwTick
    stm32f1xx_hal.o(i.HAL_GetTickFreq) refers to stm32f1xx_hal.o(.data) for uwTickFreq
    stm32f1xx_hal.o(i.HAL_GetTickPrio) refers to stm32f1xx_hal.o(.data) for uwTickPrio
    stm32f1xx_hal.o(i.HAL_IncTick) refers to stm32f1xx_hal.o(.data) for uwTick
    stm32f1xx_hal.o(i.HAL_Init) refers to stm32f1xx_hal_cortex.o(i.HAL_NVIC_SetPriorityGrouping) for HAL_NVIC_SetPriorityGrouping
    stm32f1xx_hal.o(i.HAL_Init) refers to stm32f1xx_hal.o(i.HAL_InitTick) for HAL_InitTick
[...]
    Removing stm32f1xx_hal_tim_ex.o(i.HAL_TIMEx_PWMN_Stop), (96 bytes).
    Removing stm32f1xx_hal_tim_ex.o(i.HAL_TIMEx_PWMN_Stop_DMA), (178 bytes).
    Removing stm32f1xx_hal_tim_ex.o(i.HAL_TIMEx_PWMN_Stop_IT), (178 bytes).
    Removing stm32f1xx_hal_tim_ex.o(i.HAL_TIMEx_RemapConfig), (6 bytes).
    Removing stm32f1xx_hal_tim_ex.o(i.TIMEx_DMACommutationCplt), (20 bytes).
    Removing stm32f1xx_hal_tim_ex.o(i.TIMEx_DMACommutationHalfCplt), (20 bytes).
    Removing stm32f1xx_hal_tim_ex.o(i.TIM_CCxNChannelCmd), (34 bytes).
    Removing delay.o(.rev16_text), (4 bytes).
    Removing delay.o(.revsh_text), (4 bytes).
    Removing delay.o(.rrx_text), (6 bytes).
    Removing sys.o(.rev16_text), (4 bytes).
    Removing sys.o(.revsh_text), (4 bytes).
    Removing sys.o(.rrx_text), (6 bytes).
    Removing sys.o(.emb_text), (6 bytes).
    Removing sys.o(i.INTX_DISABLE), (4 bytes).
    Removing sys.o(i.INTX_ENABLE), (4 bytes).
    Removing sys.o(i.WFI_SET), (4 bytes).
    Removing usart.o(.rev16_text), (4 bytes).
    Removing usart.o(.revsh_text), (4 bytes).
    Removing usart.o(.rrx_text), (6 bytes).
    Removing usart.o(i.HAL_UART_MspInit), (168 bytes).
    Removing usart.o(i.fputc), (28 bytes).
    Removing usart.o(i.uart_init), (56 bytes).
    Removing led.o(.rev16_text), (4 bytes).
    Removing led.o(.revsh_text), (4 bytes).
    Removing led.o(.rrx_text), (6 bytes).
    Removing lcd1602.o(.rev16_text), (4 bytes).
    Removing lcd1602.o(.revsh_text), (4 bytes).
    Removing lcd1602.o(.rrx_text), (6 bytes).
    Removing ds1302.o(.rev16_text), (4 bytes).
    Removing ds1302.o(.revsh_text), (4 bytes).
    Removing ds1302.o(.rrx_text), (6 bytes).
    Removing ds1302.o(i.DS1302_OFF), (32 bytes).
    Removing ds1302.o(i.DS1302_ON), (30 bytes).
    Removing stmflash.o(.rev16_text), (4 bytes).
    Removing stmflash.o(.revsh_text), (4 bytes).
    Removing stmflash.o(.rrx_text), (6 bytes).
    Removing stmflash.o(i.Test_Write), (16 bytes).
    Removing ds18b20.o(.rev16_text), (4 bytes).
    Removing ds18b20.o(.revsh_text), (4 bytes).
    Removing ds18b20.o(.rrx_text), (6 bytes).
    Removing ds18b20.o(.data), (8 bytes).
    Removing timer.o(.rev16_text), (4 bytes).
    Removing timer.o(.revsh_text), (4 bytes).
    Removing timer.o(.rrx_text), (6 bytes).

431 unused section(s) (total 32320 bytes) removed from the image.

==============================================================================

Image Symbol Table

    Local Symbols

    Symbol Name                              Value     Ov Type        Size  Object(Section)

    ../clib/angel/boardlib.s                 0x00000000   Number         0  boardinit1.o ABSOLUTE
    ../clib/angel/boardlib.s                 0x00000000   Number         0  boardinit3.o ABSOLUTE
    ../clib/angel/boardlib.s                 0x00000000   Number         0  boardshut.o ABSOLUTE
    ../clib/angel/boardlib.s                 0x00000000   Number         0  boardinit2.o ABSOLUTE
    ../clib/angel/handlers.s                 0x00000000   Number         0  __scatter_zi.o ABSOLUTE
    ../clib/angel/handlers.s                 0x00000000   Number         0  __scatter_copy.o ABSOLUTE
    ../clib/angel/kernel.s                   0x00000000   Number         0  __rtentry.o ABSOLUTE
    ../clib/angel/kernel.s                   0x00000000   Number         0  __rtentry4.o ABSOLUTE
    ../clib/angel/kernel.s                   0x00000000   Number         0  __rtentry2.o ABSOLUTE
    ../clib/angel/kernel.s                   0x00000000   Number         0  rtexit.o ABSOLUTE
    ../clib/angel/kernel.s                   0x00000000   Number         0  rtexit2.o ABSOLUTE
    ../clib/angel/rt.s                       0x00000000   Number         0  rt_raise.o ABSOLUTE
    ../clib/angel/scatter.s                  0x00000000   Number         0  __scatter.o ABSOLUTE
    ../clib/angel/startup.s                  0x00000000   Number         0  __main.o ABSOLUTE
    ../clib/angel/sys.s                      0x00000000   Number         0  use_no_semi_2.o ABSOLUTE
    ../clib/angel/sys.s                      0x00000000   Number         0  sys_stackheap_outer.o ABSOLUTE
    ../clib/angel/sys.s                      0x00000000   Number         0  libspace.o ABSOLUTE
    ../clib/angel/sys.s                      0x00000000   Number         0  use_no_semi.o ABSOLUTE
    ../clib/angel/sys.s                      0x00000000   Number         0  indicate_semi.o ABSOLUTE
    ../clib/angel/sysapp.c                   0x00000000   Number         0  sys_wrch.o ABSOLUTE
    ../clib/angel/sysapp.c                   0x00000000   Number         0  sys_command.o ABSOLUTE
    ../clib/armsys.c                         0x00000000   Number         0  _get_argv_nomalloc.o ABSOLUTE
    ../clib/armsys.c                         0x00000000   Number         0  argv_veneer.o ABSOLUTE
    ../clib/armsys.c                         0x00000000   Number         0  no_argv.o ABSOLUTE
    ../clib/armsys.c                         0x00000000   Number         0  argv_veneer.o ABSOLUTE
    ../clib/heapalloc.c                      0x00000000   Number         0  hrguard.o ABSOLUTE
    ../clib/heapaux.c                        0x00000000   Number         0  heapauxi.o ABSOLUTE
    ../clib/libinit.s                        0x00000000   Number         0  libinit.o ABSOLUTE
    ../clib/libinit.s                        0x00000000   Number         0  libshutdown2.o ABSOLUTE
    ../clib/libinit.s                        0x00000000   Number         0  libinit2.o ABSOLUTE
    ../clib/libinit.s                        0x00000000   Number         0  libshutdown.o ABSOLUTE
    ../clib/longlong.s                       0x00000000   Number         0  llushr.o ABSOLUTE
    ../clib/signal.c                         0x00000000   Number         0  defsig_general.o ABSOLUTE
    ../clib/signal.c                         0x00000000   Number         0  defsig_exit.o ABSOLUTE
    ../clib/signal.c                         0x00000000   Number         0  defsig_abrt_inner.o ABSOLUTE
    ../clib/signal.c                         0x00000000   Number         0  defsig_fpe_inner.o ABSOLUTE
    ../clib/signal.c                         0x00000000   Number         0  defsig_rtred_inner.o ABSOLUTE
    ../clib/signal.c                         0x00000000   Number         0  defsig_stak_inner.o ABSOLUTE
    ../clib/signal.c                         0x00000000   Number         0  defsig_pvfn_inner.o ABSOLUTE
    ../clib/signal.c                         0x00000000   Number         0  defsig_cppl_inner.o ABSOLUTE
    ../clib/signal.c                         0x00000000   Number         0  defsig_segv_inner.o ABSOLUTE
    ../clib/signal.c                         0x00000000   Number         0  __raise.o ABSOLUTE
    ../clib/signal.c                         0x00000000   Number         0  defsig_other.o ABSOLUTE
    ../clib/signal.c                         0x00000000   Number         0  defsig_rtmem_inner.o ABSOLUTE
    ../clib/signal.c                         0x00000000   Number         0  defsig_rtmem_formal.o ABSOLUTE
    ../clib/signal.c                         0x00000000   Number         0  defsig_rtmem_outer.o ABSOLUTE
    ../clib/signal.s                         0x00000000   Number         0  defsig.o ABSOLUTE
    ../clib/stdlib.c                         0x00000000   Number         0  exit.o ABSOLUTE
    ../fplib/dfix.s                          0x00000000   Number         0  dfix.o ABSOLUTE
    ../fplib/dmul.s                          0x00000000   Number         0  dmul.o ABSOLUTE
    ../fplib/dnaninf.s                       0x00000000   Number         0  dnaninf.o ABSOLUTE
    ../fplib/dretinf.s                       0x00000000   Number         0  dretinf.o ABSOLUTE
    ../fplib/f2d.s                           0x00000000   Number         0  f2d.o ABSOLUTE
    ../fplib/fflt.s                          0x00000000   Number         0  fflt_clz.o ABSOLUTE
    ../fplib/fnaninf.s                       0x00000000   Number         0  fnaninf.o ABSOLUTE
    ../fplib/fpinit.s                        0x00000000   Number         0  fpinit.o ABSOLUTE
    ../fplib/usenofp.s                       0x00000000   Number         0  usenofp.o ABSOLUTE
    ..\CORE\startup_stm32f103xe.s            0x00000000   Number         0  startup_stm32f103xe.o ABSOLUTE
    ..\HALLIB\STM32F1xx_HAL_Driver\Src\stm32f1xx_hal.c 0x00000000   Number         0  stm32f1xx_hal.o ABSOLUTE
    ..\HALLIB\STM32F1xx_HAL_Driver\Src\stm32f1xx_hal_cortex.c 0x00000000   Number         0  stm32f1xx_hal_cortex.o ABSOLUTE
    ..\HALLIB\STM32F1xx_HAL_Driver\Src\stm32f1xx_hal_dma.c 0x00000000   Number         0  stm32f1xx_hal_dma.o ABSOLUTE
    ..\HALLIB\STM32F1xx_HAL_Driver\Src\stm32f1xx_hal_flash.c 0x00000000   Number         0  stm32f1xx_hal_flash.o ABSOLUTE
    ..\HALLIB\STM32F1xx_HAL_Driver\Src\stm32f1xx_hal_flash_ex.c 0x00000000   Number         0  stm32f1xx_hal_flash_ex.o ABSOLUTE
    ..\HALLIB\STM32F1xx_HAL_Driver\Src\stm32f1xx_hal_gpio.c 0x00000000   Number         0  stm32f1xx_hal_gpio.o ABSOLUTE
    ..\HALLIB\STM32F1xx_HAL_Driver\Src\stm32f1xx_hal_gpio_ex.c 0x00000000   Number         0  stm32f1xx_hal_gpio_ex.o ABSOLUTE
    ..\HALLIB\STM32F1xx_HAL_Driver\Src\stm32f1xx_hal_pwr.c 0x00000000   Number         0  stm32f1xx_hal_pwr.o ABSOLUTE
    ..\HALLIB\STM32F1xx_HAL_Driver\Src\stm32f1xx_hal_rcc.c 0x00000000   Number         0  stm32f1xx_hal_rcc.o ABSOLUTE
    ..\HALLIB\STM32F1xx_HAL_Driver\Src\stm32f1xx_hal_rcc_ex.c 0x00000000   Number         0  stm32f1xx_hal_rcc_ex.o ABSOLUTE
    ..\HALLIB\STM32F1xx_HAL_Driver\Src\stm32f1xx_hal_tim.c 0x00000000   Number         0  stm32f1xx_hal_tim.o ABSOLUTE
    ..\HALLIB\STM32F1xx_HAL_Driver\Src\stm32f1xx_hal_tim_ex.c 0x00000000   Number         0  stm32f1xx_hal_tim_ex.o ABSOLUTE
    ..\HALLIB\STM32F1xx_HAL_Driver\Src\stm32f1xx_hal_uart.c 0x00000000   Number         0  stm32f1xx_hal_uart.o ABSOLUTE
    ..\HALLIB\STM32F1xx_HAL_Driver\Src\stm32f1xx_hal_usart.c 0x00000000   Number         0  stm32f1xx_hal_usart.o ABSOLUTE
    ..\HARDWARE\DS1302\ds1302.c              0x00000000   Number         0  ds1302.o ABSOLUTE
    ..\HARDWARE\DS18B20\DS18B20.c            0x00000000   Number         0  ds18b20.o ABSOLUTE
    ..\HARDWARE\LCD1602A\LCD1602.c           0x00000000   Number         0  lcd1602.o ABSOLUTE
    ..\HARDWARE\LED\led.c                    0x00000000   Number         0  led.o ABSOLUTE
    ..\HARDWARE\STMFLASH\stmflash.c          0x00000000   Number         0  stmflash.o ABSOLUTE
    ..\HARDWARE\TIMER\timer.c                0x00000000   Number         0  timer.o ABSOLUTE
    ..\SYSTEM\delay\delay.c                  0x00000000   Number         0  delay.o ABSOLUTE
    ..\SYSTEM\sys\sys.c                      0x00000000   Number         0  sys.o ABSOLUTE
    ..\SYSTEM\usart\usart.c                  0x00000000   Number         0  usart.o ABSOLUTE
    ..\\HALLIB\\STM32F1xx_HAL_Driver\\Src\\stm32f1xx_hal.c 0x00000000   Number         0  stm32f1xx_hal.o ABSOLUTE
    ..\\HALLIB\\STM32F1xx_HAL_Driver\\Src\\stm32f1xx_hal_cortex.c 0x00000000   Number         0  stm32f1xx_hal_cortex.o ABSOLUTE
    ..\\HALLIB\\STM32F1xx_HAL_Driver\\Src\\stm32f1xx_hal_dma.c 0x00000000   Number         0  stm32f1xx_hal_dma.o ABSOLUTE
    ..\\HALLIB\\STM32F1xx_HAL_Driver\\Src\\stm32f1xx_hal_flash.c 0x00000000   Number         0  stm32f1xx_hal_flash.o ABSOLUTE
    ..\\HALLIB\\STM32F1xx_HAL_Driver\\Src\\stm32f1xx_hal_flash_ex.c 0x00000000   Number         0  stm32f1xx_hal_flash_ex.o ABSOLUTE
    ..\\HALLIB\\STM32F1xx_HAL_Driver\\Src\\stm32f1xx_hal_gpio.c 0x00000000   Number         0  stm32f1xx_hal_gpio.o ABSOLUTE
    ..\\HALLIB\\STM32F1xx_HAL_Driver\\Src\\stm32f1xx_hal_gpio_ex.c 0x00000000   Number         0  stm32f1xx_hal_gpio_ex.o ABSOLUTE
    ..\\HALLIB\\STM32F1xx_HAL_Driver\\Src\\stm32f1xx_hal_pwr.c 0x00000000   Number         0  stm32f1xx_hal_pwr.o ABSOLUTE
    ..\\HALLIB\\STM32F1xx_HAL_Driver\\Src\\stm32f1xx_hal_rcc.c 0x00000000   Number         0  stm32f1xx_hal_rcc.o ABSOLUTE
    ..\\HALLIB\\STM32F1xx_HAL_Driver\\Src\\stm32f1xx_hal_rcc_ex.c 0x00000000   Number         0  stm32f1xx_hal_rcc_ex.o ABSOLUTE
    ..\\HALLIB\\STM32F1xx_HAL_Driver\\Src\\stm32f1xx_hal_tim.c 0x00000000   Number         0  stm32f1xx_hal_tim.o ABSOLUTE
    ..\\HALLIB\\STM32F1xx_HAL_Driver\\Src\\stm32f1xx_hal_tim_ex.c 0x00000000   Number         0  stm32f1xx_hal_tim_ex.o ABSOLUTE
    ..\\HALLIB\\STM32F1xx_HAL_Driver\\Src\\stm32f1xx_hal_uart.c 0x00000000   Number         0  stm32f1xx_hal_uart.o ABSOLUTE
    ..\\HALLIB\\STM32F1xx_HAL_Driver\\Src\\stm32f1xx_hal_usart.c 0x00000000   Number         0  stm32f1xx_hal_usart.o ABSOLUTE
    ..\\HARDWARE\\DS1302\\ds1302.c           0x00000000   Number         0  ds1302.o ABSOLUTE
    ..\\HARDWARE\\DS18B20\\DS18B20.c         0x00000000   Number         0  ds18b20.o ABSOLUTE
    ..\\HARDWARE\\LCD1602A\\LCD1602.c        0x00000000   Number         0  lcd1602.o ABSOLUTE
    ..\\HARDWARE\\LED\\led.c                 0x00000000   Number         0  led.o ABSOLUTE
    ..\\HARDWARE\\STMFLASH\\stmflash.c       0x00000000   Number         0  stmflash.o ABSOLUTE
    ..\\HARDWARE\\TIMER\\timer.c             0x00000000   Number         0  timer.o ABSOLUTE
    ..\\SYSTEM\\delay\\delay.c               0x00000000   Number         0  delay.o ABSOLUTE
    ..\\SYSTEM\\sys\\sys.c                   0x00000000   Number         0  sys.o ABSOLUTE
    ..\\SYSTEM\\usart\\usart.c               0x00000000   Number         0  usart.o ABSOLUTE
    dc.s                                     0x00000000   Number         0  dc.o ABSOLUTE
    main.c                                   0x00000000   Number         0  main.o ABSOLUTE
    main.c                                   0x00000000   Number         0  main.o ABSOLUTE
    stm32f1xx_hal_msp.c                      0x00000000   Number         0  stm32f1xx_hal_msp.o ABSOLUTE
    stm32f1xx_hal_msp.c                      0x00000000   Number         0  stm32f1xx_hal_msp.o ABSOLUTE
    stm32f1xx_it.c                           0x00000000   Number         0  stm32f1xx_it.o ABSOLUTE
    stm32f1xx_it.c                           0x00000000   Number         0  stm32f1xx_it.o ABSOLUTE
    system_stm32f1xx.c                       0x00000000   Number         0  system_stm32f1xx.o ABSOLUTE
    system_stm32f1xx.c                       0x00000000   Number         0  system_stm32f1xx.o ABSOLUTE
    RESET                                    0x08000000   Section      304  startup_stm32f103xe.o(RESET)
    !!!main                                  0x08000130   Section        8  __main.o(!!!main)
    !!!scatter                               0x08000138   Section       52  __scatter.o(!!!scatter)
    !!handler_copy                           0x0800016c   Section       26  __scatter_copy.o(!!handler_copy)
    !!handler_zi                             0x08000188   Section       28  __scatter_zi.o(!!handler_zi)
    .ARM.Collect$$libinit$$00000000          0x080001a4   Section        2  libinit.o(.ARM.Collect$$libinit$$00000000)
    .ARM.Collect$$libinit$$00000002          0x080001a6   Section        0  libinit2.o(.ARM.Collect$$libinit$$00000002)
    .ARM.Collect$$libinit$$00000004          0x080001a6   Section        0  libinit2.o(.ARM.Collect$$libinit$$00000004)
    .ARM.Collect$$libinit$$0000000A          0x080001a6   Section        0  libinit2.o(.ARM.Collect$$libinit$$0000000A)
    .ARM.Collect$$libinit$$0000000C          0x080001a6   Section        0  libinit2.o(.ARM.Collect$$libinit$$0000000C)
    .ARM.Collect$$libinit$$0000000E          0x080001a6   Section        0  libinit2.o(.ARM.Collect$$libinit$$0000000E)
    .ARM.Collect$$libinit$$00000011          0x080001a6   Section        0  libinit2.o(.ARM.Collect$$libinit$$00000011)
    .ARM.Collect$$libinit$$00000013          0x080001a6   Section        0  libinit2.o(.ARM.Collect$$libinit$$00000013)
    .ARM.Collect$$libinit$$00000015          0x080001a6   Section        0  libinit2.o(.ARM.Collect$$libinit$$00000015)
    .ARM.Collect$$libinit$$00000017          0x080001a6   Section        0  libinit2.o(.ARM.Collect$$libinit$$00000017)
    .ARM.Collect$$libinit$$00000019          0x080001a6   Section        0  libinit2.o(.ARM.Collect$$libinit$$00000019)
    .ARM.Collect$$libinit$$0000001B          0x080001a6   Section        0  libinit2.o(.ARM.Collect$$libinit$$0000001B)
    .ARM.Collect$$libinit$$0000001D          0x080001a6   Section        0  libinit2.o(.ARM.Collect$$libinit$$0000001D)
    .ARM.Collect$$libinit$$0000001F          0x080001a6   Section        0  libinit2.o(.ARM.Collect$$libinit$$0000001F)
    .ARM.Collect$$libinit$$00000021          0x080001a6   Section        0  libinit2.o(.ARM.Collect$$libinit$$00000021)
    .ARM.Collect$$libinit$$00000023          0x080001a6   Section        0  libinit2.o(.ARM.Collect$$libinit$$00000023)
    .ARM.Collect$$libinit$$00000025          0x080001a6   Section        0  libinit2.o(.ARM.Collect$$libinit$$00000025)
    .ARM.Collect$$libinit$$0000002C          0x080001a6   Section        0  libinit2.o(.ARM.Collect$$libinit$$0000002C)
    .ARM.Collect$$libinit$$0000002E          0x080001a6   Section        0  libinit2.o(.ARM.Collect$$libinit$$0000002E)
    .ARM.Collect$$libinit$$00000030          0x080001a6   Section        0  libinit2.o(.ARM.Collect$$libinit$$00000030)
    .ARM.Collect$$libinit$$00000032          0x080001a6   Section        0  libinit2.o(.ARM.Collect$$libinit$$00000032)
    .ARM.Collect$$libinit$$00000033          0x080001a6   Section        2  libinit2.o(.ARM.Collect$$libinit$$00000033)
    .ARM.Collect$$libshutdown$$00000000      0x080001a8   Section        2  libshutdown.o(.ARM.Collect$$libshutdown$$00000000)
    .ARM.Collect$$libshutdown$$00000002      0x080001aa   Section        0  libshutdown2.o(.ARM.Collect$$libshutdown$$00000002)
    .ARM.Collect$$libshutdown$$00000004      0x080001aa   Section        0  libshutdown2.o(.ARM.Collect$$libshutdown$$00000004)
    .ARM.Collect$$libshutdown$$00000007      0x080001aa   Section        0  libshutdown2.o(.ARM.Collect$$libshutdown$$00000007)
    .ARM.Collect$$libshutdown$$0000000A      0x080001aa   Section        0  libshutdown2.o(.ARM.Collect$$libshutdown$$0000000A)
    .ARM.Collect$$libshutdown$$0000000C      0x080001aa   Section        0  libshutdown2.o(.ARM.Collect$$libshutdown$$0000000C)
    .ARM.Collect$$libshutdown$$0000000F      0x080001aa   Section        0  libshutdown2.o(.ARM.Collect$$libshutdown$$0000000F)
    .ARM.Collect$$libshutdown$$00000010      0x080001aa   Section        2  libshutdown2.o(.ARM.Collect$$libshutdown$$00000010)
    .ARM.Collect$$rtentry$$00000000          0x080001ac   Section        0  __rtentry.o(.ARM.Collect$$rtentry$$00000000)
    .ARM.Collect$$rtentry$$00000002          0x080001ac   Section        0  __rtentry2.o(.ARM.Collect$$rtentry$$00000002)
    .ARM.Collect$$rtentry$$00000004          0x080001ac   Section        6  __rtentry4.o(.ARM.Collect$$rtentry$$00000004)
    .ARM.Collect$$rtentry$$00000009          0x080001b2   Section        0  __rtentry2.o(.ARM.Collect$$rtentry$$00000009)
    .ARM.Collect$$rtentry$$0000000A          0x080001b2   Section        4  __rtentry2.o(.ARM.Collect$$rtentry$$0000000A)
    .ARM.Collect$$rtentry$$0000000C          0x080001b6   Section        0  __rtentry2.o(.ARM.Collect$$rtentry$$0000000C)
    .ARM.Collect$$rtentry$$0000000D          0x080001b6   Section        8  __rtentry2.o(.ARM.Collect$$rtentry$$0000000D)
    .ARM.Collect$$rtexit$$00000000           0x080001be   Section        2  rtexit.o(.ARM.Collect$$rtexit$$00000000)
    .ARM.Collect$$rtexit$$00000002           0x080001c0   Section        0  rtexit2.o(.ARM.Collect$$rtexit$$00000002)
    .ARM.Collect$$rtexit$$00000003           0x080001c0   Section        4  rtexit2.o(.ARM.Collect$$rtexit$$00000003)
    .ARM.Collect$$rtexit$$00000004           0x080001c4   Section        6  rtexit2.o(.ARM.Collect$$rtexit$$00000004)
    .text                                    0x080001cc   Section       64  startup_stm32f103xe.o(.text)
    .text                                    0x0800020c   Section        2  use_no_semi_2.o(.text)
    .text                                    0x0800020e   Section       38  llushr.o(.text)
    .text                                    0x08000234   Section        0  heapauxi.o(.text)
    .text                                    0x0800023a   Section        2  use_no_semi.o(.text)
    .text                                    0x0800023c   Section       74  sys_stackheap_outer.o(.text)
    .text                                    0x08000286   Section        0  exit.o(.text)
    .text                                    0x08000298   Section        8  libspace.o(.text)
    i.BusFault_Handler                       0x080002a0   Section        0  stm32f1xx_it.o(i.BusFault_Handler)
    i.DS1302_Data                            0x080002a4   Section        0  ds1302.o(i.DS1302_Data)
    i.DS1302_Init                            0x08000318   Section        0  ds1302.o(i.DS1302_Init)
    i.DS1302_Read                            0x0800033c   Section        0  ds1302.o(i.DS1302_Read)
    i.DS1302_Readtime                        0x08000454   Section        0  ds1302.o(i.DS1302_Readtime)
    i.DS1302_SetTime                         0x08000534   Section        0  ds1302.o(i.DS1302_SetTime)
    i.DS1302_Write                           0x0800057c   Section        0  ds1302.o(i.DS1302_Write)
    i.DS1302_init                            0x0800065c   Section        0  ds1302.o(i.DS1302_init)
    i.DS18B20_Check                          0x080006a0   Section        0  ds18b20.o(i.DS18B20_Check)
    i.DS18B20_Get_Temp                       0x080006fc   Section        0  ds18b20.o(i.DS18B20_Get_Temp)
    i.DS18B20_Init_In                        0x08000788   Section        0  ds18b20.o(i.DS18B20_Init_In)
    i.DS18B20_Init_Out                       0x080007cc   Section        0  ds18b20.o(i.DS18B20_Init_Out)
    i.DS18B20_Read_Bit                       0x0800080c   Section        0  ds18b20.o(i.DS18B20_Read_Bit)
    i.DS18B20_Read_Byte                      0x08000858   Section        0  ds18b20.o(i.DS18B20_Read_Byte)
    i.DS18B20_Rst                            0x0800087c   Section        0  ds18b20.o(i.DS18B20_Rst)
    i.DS18B20_Start                          0x080008ac   Section        0  ds18b20.o(i.DS18B20_Start)
    i.DS18B20_Write_Byte                     0x080008c4   Section        0  ds18b20.o(i.DS18B20_Write_Byte)
    i.DebugMon_Handler                       0x0800092c   Section        0  stm32f1xx_it.o(i.DebugMon_Handler)
    i.DisplayOneChar                         0x0800092e   Section        0  lcd1602.o(i.DisplayOneChar)
    i.FLASH_PageErase                        0x08000958   Section        0  stm32f1xx_hal_flash_ex.o(i.FLASH_PageErase)
    i.FLASH_Program_HalfWord                 0x08000980   Section        0  stm32f1xx_hal_flash.o(i.FLASH_Program_HalfWord)
    FLASH_Program_HalfWord                   0x08000981   Thumb Code    22  stm32f1xx_hal_flash.o(i.FLASH_Program_HalfWord)
    i.FLASH_SetErrorCode                     0x080009a0   Section        0  stm32f1xx_hal_flash.o(i.FLASH_SetErrorCode)
    FLASH_SetErrorCode                       0x080009a1   Thumb Code   124  stm32f1xx_hal_flash.o(i.FLASH_SetErrorCode)
    i.FLASH_WaitForLastOperation             0x08000a24   Section        0  stm32f1xx_hal_flash.o(i.FLASH_WaitForLastOperation)
    i.HAL_DMA_Abort_IT                       0x08000a94   Section        0  stm32f1xx_hal_dma.o(i.HAL_DMA_Abort_IT)
    i.HAL_FLASH_Lock                         0x08000c3c   Section        0  stm32f1xx_hal_flash.o(i.HAL_FLASH_Lock)
    i.HAL_FLASH_Program                      0x08000c50   Section        0  stm32f1xx_hal_flash.o(i.HAL_FLASH_Program)
    i.HAL_FLASH_Unlock                       0x08000d00   Section        0  stm32f1xx_hal_flash.o(i.HAL_FLASH_Unlock)
    i.HAL_GPIO_Init                          0x08000d30   Section        0  stm32f1xx_hal_gpio.o(i.HAL_GPIO_Init)
    i.HAL_GPIO_ReadPin                       0x08001070   Section        0  stm32f1xx_hal_gpio.o(i.HAL_GPIO_ReadPin)
    i.HAL_GPIO_TogglePin                     0x08001080   Section        0  stm32f1xx_hal_gpio.o(i.HAL_GPIO_TogglePin)
    i.HAL_GPIO_WritePin                      0x0800108e   Section        0  stm32f1xx_hal_gpio.o(i.HAL_GPIO_WritePin)
    i.HAL_GetTick                            0x0800109c   Section        0  stm32f1xx_hal.o(i.HAL_GetTick)
    i.HAL_IncTick                            0x080010a8   Section        0  stm32f1xx_hal.o(i.HAL_IncTick)
    i.HAL_Init                               0x080010c0   Section        0  stm32f1xx_hal.o(i.HAL_Init)
    i.HAL_InitTick                           0x080010e8   Section        0  stm32f1xx_hal.o(i.HAL_InitTick)
    i.HAL_MspInit                            0x08001134   Section        0  stm32f1xx_hal_msp.o(i.HAL_MspInit)
    i.HAL_NVIC_EnableIRQ                     0x08001136   Section        0  stm32f1xx_hal_cortex.o(i.HAL_NVIC_EnableIRQ)
    i.HAL_NVIC_SetPriority                   0x08001156   Section        0  stm32f1xx_hal_cortex.o(i.HAL_NVIC_SetPriority)
    i.HAL_NVIC_SetPriorityGrouping           0x080011d4   Section        0  stm32f1xx_hal_cortex.o(i.HAL_NVIC_SetPriorityGrouping)
    i.HAL_RCC_ClockConfig                    0x080011fc   Section        0  stm32f1xx_hal_rcc.o(i.HAL_RCC_ClockConfig)
    i.HAL_RCC_GetSysClockFreq                0x08001388   Section        0  stm32f1xx_hal_rcc.o(i.HAL_RCC_GetSysClockFreq)
    i.HAL_RCC_OscConfig                      0x0800141c   Section        0  stm32f1xx_hal_rcc.o(i.HAL_RCC_OscConfig)
    i.HAL_SYSTICK_CLKSourceConfig            0x08001880   Section        0  stm32f1xx_hal_cortex.o(i.HAL_SYSTICK_CLKSourceConfig)
    i.HAL_SYSTICK_Config                     0x080018a8   Section        0  stm32f1xx_hal_cortex.o(i.HAL_SYSTICK_Config)
    i.HAL_TIMEx_BreakCallback                0x080018dc   Section        0  stm32f1xx_hal_tim_ex.o(i.HAL_TIMEx_BreakCallback)
    i.HAL_TIMEx_CommutCallback               0x080018de   Section        0  stm32f1xx_hal_tim_ex.o(i.HAL_TIMEx_CommutCallback)
    i.HAL_TIM_Base_Init                      0x080018e0   Section        0  stm32f1xx_hal_tim.o(i.HAL_TIM_Base_Init)
    i.HAL_TIM_Base_MspInit                   0x08001914   Section        0  timer.o(i.HAL_TIM_Base_MspInit)
    i.HAL_TIM_Base_Start_IT                  0x08001958   Section        0  stm32f1xx_hal_tim.o(i.HAL_TIM_Base_Start_IT)
    i.HAL_TIM_IC_CaptureCallback             0x08001982   Section        0  stm32f1xx_hal_tim.o(i.HAL_TIM_IC_CaptureCallback)
    i.HAL_TIM_IRQHandler                     0x08001984   Section        0  stm32f1xx_hal_tim.o(i.HAL_TIM_IRQHandler)
    i.HAL_TIM_OC_DelayElapsedCallback        0x08001b1a   Section        0  stm32f1xx_hal_tim.o(i.HAL_TIM_OC_DelayElapsedCallback)
    i.HAL_TIM_PWM_PulseFinishedCallback      0x08001b1c   Section        0  stm32f1xx_hal_tim.o(i.HAL_TIM_PWM_PulseFinishedCallback)
    i.HAL_TIM_PeriodElapsedCallback          0x08001b20   Section        0  timer.o(i.HAL_TIM_PeriodElapsedCallback)
    i.HAL_TIM_TriggerCallback                0x08001b4c   Section        0  stm32f1xx_hal_tim.o(i.HAL_TIM_TriggerCallback)
    i.HAL_UART_ErrorCallback                 0x08001b4e   Section        0  stm32f1xx_hal_uart.o(i.HAL_UART_ErrorCallback)
    i.HAL_UART_GetState                      0x08001b50   Section        0  stm32f1xx_hal_uart.o(i.HAL_UART_GetState)
    i.HAL_UART_IRQHandler                    0x08001b64   Section        0  stm32f1xx_hal_uart.o(i.HAL_UART_IRQHandler)
    i.HAL_UART_Receive_IT                    0x08001cb0   Section        0  stm32f1xx_hal_uart.o(i.HAL_UART_Receive_IT)
    i.HAL_UART_RxCpltCallback                0x08001d20   Section        0  usart.o(i.HAL_UART_RxCpltCallback)
    i.HAL_UART_TxCpltCallback                0x08001da8   Section        0  stm32f1xx_hal_uart.o(i.HAL_UART_TxCpltCallback)
    i.HardFault_Handler                      0x08001daa   Section        0  stm32f1xx_it.o(i.HardFault_Handler)
    i.IO_Init                                0x08001db0   Section        0  lcd1602.o(i.IO_Init)
    i.KEY_Init                               0x08001e5c   Section        0  led.o(i.KEY_Init)
    i.KEY_Scan                               0x08001e80   Section        0  led.o(i.KEY_Scan)
    i.LCDInit                                0x08001fb4   Section        0  lcd1602.o(i.LCDInit)
    i.LCD_Clear                              0x08002014   Section        0  lcd1602.o(i.LCD_Clear)
    i.LED_Init                               0x08002028   Section        0  led.o(i.LED_Init)
    i.MemManage_Handler                      0x080020d4   Section        0  stm32f1xx_it.o(i.MemManage_Handler)
    i.NMI_Handler                            0x080020d8   Section        0  stm32f1xx_it.o(i.NMI_Handler)
    i.PendSV_Handler                         0x080020da   Section        0  stm32f1xx_it.o(i.PendSV_Handler)
    i.RCC_Delay                              0x080020dc   Section        0  stm32f1xx_hal_rcc.o(i.RCC_Delay)
    RCC_Delay                                0x080020dd   Thumb Code    36  stm32f1xx_hal_rcc.o(i.RCC_Delay)
    i.ReadStatusLCD                          0x08002104   Section        0  lcd1602.o(i.ReadStatusLCD)
    i.STMFLASH_Read                          0x08002178   Section        0  stmflash.o(i.STMFLASH_Read)
    i.STMFLASH_ReadHalfWord                  0x0800219a   Section        0  stmflash.o(i.STMFLASH_ReadHalfWord)
    i.STMFLASH_Write                         0x080021a0   Section        0  stmflash.o(i.STMFLASH_Write)
    i.STMFLASH_Write_NoCheck                 0x080022a8   Section        0  stmflash.o(i.STMFLASH_Write_NoCheck)
    i.SVC_Handler                            0x080022d4   Section        0  stm32f1xx_it.o(i.SVC_Handler)
    i.Show_T                                 0x080022d8   Section        0  lcd1602.o(i.Show_T)
    i.Stm32_Clock_Init                       0x08002434   Section        0  sys.o(i.Stm32_Clock_Init)
    i.Switch_Add                             0x0800248c   Section        0  main.o(i.Switch_Add)
    i.Switch_Set                             0x0800256c   Section        0  main.o(i.Switch_Set)
    i.Switch_Sub                             0x080025e0   Section        0  main.o(i.Switch_Sub)
    i.Switch_watch                           0x080026b4   Section        0  main.o(i.Switch_watch)
    i.Swtich_Time                            0x080028e8   Section        0  main.o(i.Swtich_Time)
    i.SysTick_Handler                        0x08002c08   Section        0  stm32f1xx_it.o(i.SysTick_Handler)
    i.SystemInit                             0x08002c10   Section        0  system_stm32f1xx.o(i.SystemInit)
    i.TIM3_IRQHandler                        0x08002c68   Section        0  timer.o(i.TIM3_IRQHandler)
    i.TIM3_Init                              0x08002c78   Section        0  timer.o(i.TIM3_Init)
    i.TIM_Base_SetConfig                     0x08002ca4   Section        0  stm32f1xx_hal_tim.o(i.TIM_Base_SetConfig)
    i.UART_DMAAbortOnError                   0x08002d40   Section        0  stm32f1xx_hal_uart.o(i.UART_DMAAbortOnError)
    UART_DMAAbortOnError                     0x08002d41   Thumb Code    20  stm32f1xx_hal_uart.o(i.UART_DMAAbortOnError)
    i.UART_EndRxTransfer                     0x08002d54   Section        0  stm32f1xx_hal_uart.o(i.UART_EndRxTransfer)
    UART_EndRxTransfer                       0x08002d55   Thumb Code    32  stm32f1xx_hal_uart.o(i.UART_EndRxTransfer)
    i.UART_EndTransmit_IT                    0x08002d74   Section        0  stm32f1xx_hal_uart.o(i.UART_EndTransmit_IT)
    UART_EndTransmit_IT                      0x08002d75   Thumb Code    32  stm32f1xx_hal_uart.o(i.UART_EndTransmit_IT)
    i.UART_Receive_IT                        0x08002d94   Section        0  stm32f1xx_hal_uart.o(i.UART_Receive_IT)
    UART_Receive_IT                          0x08002d95   Thumb Code   166  stm32f1xx_hal_uart.o(i.UART_Receive_IT)
    i.UART_Transmit_IT                       0x08002e3a   Section        0  stm32f1xx_hal_uart.o(i.UART_Transmit_IT)
    UART_Transmit_IT                         0x08002e3b   Thumb Code   104  stm32f1xx_hal_uart.o(i.UART_Transmit_IT)
    i.USART1_IRQHandler                      0x08002ea4   Section        0  usart.o(i.USART1_IRQHandler)
    i.UsageFault_Handler                     0x08002ee4   Section        0  stm32f1xx_it.o(i.UsageFault_Handler)
    i.WriteCommandLCD                        0x08002ee8   Section        0  lcd1602.o(i.WriteCommandLCD)
    i.WriteDataLCD                           0x08002f38   Section        0  lcd1602.o(i.WriteDataLCD)
    i.WriteInput                             0x08002f80   Section        0  lcd1602.o(i.WriteInput)
    i.__NVIC_GetPriorityGrouping             0x08003078   Section        0  stm32f1xx_hal_cortex.o(i.__NVIC_GetPriorityGrouping)
    __NVIC_GetPriorityGrouping               0x08003079   Thumb Code    10  stm32f1xx_hal_cortex.o(i.__NVIC_GetPriorityGrouping)
    i.__NVIC_SetPriority                     0x08003088   Section        0  stm32f1xx_hal_cortex.o(i.__NVIC_SetPriority)
    __NVIC_SetPriority                       0x08003089   Thumb Code    32  stm32f1xx_hal_cortex.o(i.__NVIC_SetPriority)
    i._sys_exit                              0x080030b0   Section        0  usart.o(i._sys_exit)
    i.delay_init                             0x080030b4   Section        0  delay.o(i.delay_init)
    i.delay_ms                               0x080030c8   Section        0  delay.o(i.delay_ms)
    i.delay_us                               0x080030e0   Section        0  delay.o(i.delay_us)
    i.get_temp                               0x08003128   Section        0  main.o(i.get_temp)
    i.main                                   0x08003220   Section        0  main.o(i.main)
    i.set_Time                               0x08003418   Section        0  main.o(i.set_Time)
    i.show_stopwatch                         0x0800348c   Section        0  main.o(i.show_stopwatch)
    i.show_time                              0x080035bc   Section        0  main.o(i.show_time)
    x$fpl$dfix                               0x0800366c   Section       94  dfix.o(x$fpl$dfix)
    x$fpl$dmul                               0x080036cc   Section      340  dmul.o(x$fpl$dmul)
    x$fpl$dnaninf                            0x08003820   Section      156  dnaninf.o(x$fpl$dnaninf)
    x$fpl$dretinf                            0x080038bc   Section       12  dretinf.o(x$fpl$dretinf)
    x$fpl$f2d                                0x080038c8   Section       86  f2d.o(x$fpl$f2d)
    x$fpl$fflt                               0x08003920   Section       48  fflt_clz.o(x$fpl$fflt)
    x$fpl$fnaninf                            0x08003950   Section      140  fnaninf.o(x$fpl$fnaninf)
    .constdata                               0x080039dc   Section       24  system_stm32f1xx.o(.constdata)
    x$fpl$usenofp                            0x080039dc   Section        0  usenofp.o(x$fpl$usenofp)
    .data                                    0x20000000   Section       84  main.o(.data)
    .data                                    0x20000054   Section        4  system_stm32f1xx.o(.data)
    .data                                    0x20000058   Section        9  stm32f1xx_hal.o(.data)
    .data                                    0x20000064   Section        4  delay.o(.data)
    fac_us                                   0x20000064   Data           4  delay.o(.data)
    .data                                    0x20000068   Section        7  usart.o(.data)
    .data                                    0x2000006f   Section        1  led.o(.data)
    key_up                                   0x2000006f   Data           1  led.o(.data)
    .data                                    0x20000070   Section        1  ds1302.o(.data)
    .data                                    0x20000074   Section        4  timer.o(.data)
    .bss                                     0x20000078   Section       32  stm32f1xx_hal_flash.o(.bss)
    .bss                                     0x20000098   Section      264  usart.o(.bss)
    .bss                                     0x200001a0   Section       16  ds1302.o(.bss)
    .bss                                     0x200001b0   Section     1024  stmflash.o(.bss)
    .bss                                     0x200005b0   Section       64  timer.o(.bss)
    .bss                                     0x200005f0   Section       96  libspace.o(.bss)
    HEAP                                     0x20000650   Section      512  startup_stm32f103xe.o(HEAP)
    Heap_Mem                                 0x20000650   Data         512  startup_stm32f103xe.o(HEAP)
    STACK                                    0x20000850   Section     1024  startup_stm32f103xe.o(STACK)
    Stack_Mem                                0x20000850   Data        1024  startup_stm32f103xe.o(STACK)
    __initial_sp                             0x20000c50   Data           0  startup_stm32f103xe.o(STACK)

    Global Symbols

    Symbol Name                              Value     Ov Type        Size  Object(Section)

    BuildAttributes$$THM_ISAv4$P$D$K$B$S$PE$A:L22UL41UL21$X:L11$S22US41US21$IEEE1$IW$USESV6$~STKCKD$USESV7$~SHL$OSPACE$ROPI$EBA8$UX$STANDARDLIB$REQ8$PRES8$EABIv2 0x00000000   Number         0  anon$$obj.o ABSOLUTE
    __ARM_use_no_argv                        0x00000000   Number         0  main.o ABSOLUTE
    __ARM_exceptions_init                     - Undefined Weak Reference
    __alloca_initialize                       - Undefined Weak Reference
    __arm_preinit_                            - Undefined Weak Reference
    __cpp_initialize__aeabi_                  - Undefined Weak Reference
    __cxa_finalize                            - Undefined Weak Reference
    __rt_locale                               - Undefined Weak Reference
    __sigvec_lookup                           - Undefined Weak Reference
    _atexit_init                              - Undefined Weak Reference
    _call_atexit_fns                          - Undefined Weak Reference
    _clock_init                               - Undefined Weak Reference
    _fp_trap_init                             - Undefined Weak Reference
    _fp_trap_shutdown                         - Undefined Weak Reference
    _get_lc_collate                           - Undefined Weak Reference
    _get_lc_ctype                             - Undefined Weak Reference
    _get_lc_monetary                          - Undefined Weak Reference
    _get_lc_numeric                           - Undefined Weak Reference
    _get_lc_time                              - Undefined Weak Reference
    _getenv_init                              - Undefined Weak Reference
    _handle_redirection                       - Undefined Weak Reference
    _init_alloc                               - Undefined Weak Reference
    _init_user_alloc                          - Undefined Weak Reference
    _initio                                   - Undefined Weak Reference
    _rand_init                                - Undefined Weak Reference
    _signal_finish                            - Undefined Weak Reference
    _signal_init                              - Undefined Weak Reference
    _terminate_alloc                          - Undefined Weak Reference
    _terminate_user_alloc                     - Undefined Weak Reference
    _terminateio                              - Undefined Weak Reference
    __Vectors_Size                           0x00000130   Number         0  startup_stm32f103xe.o ABSOLUTE
    __Vectors                                0x08000000   Data           4  startup_stm32f103xe.o(RESET)
    __Vectors_End                            0x08000130   Data           0  startup_stm32f103xe.o(RESET)
    __main                                   0x08000131   Thumb Code     8  __main.o(!!!main)
    __scatterload                            0x08000139   Thumb Code     0  __scatter.o(!!!scatter)
    __scatterload_rt2                        0x08000139   Thumb Code    44  __scatter.o(!!!scatter)
    __scatterload_rt2_thumb_only             0x08000139   Thumb Code     0  __scatter.o(!!!scatter)
    __scatterload_null                       0x08000147   Thumb Code     0  __scatter.o(!!!scatter)
    __scatterload_copy                       0x0800016d   Thumb Code    26  __scatter_copy.o(!!handler_copy)
    __scatterload_zeroinit                   0x08000189   Thumb Code    28  __scatter_zi.o(!!handler_zi)
    __rt_lib_init                            0x080001a5   Thumb Code     0  libinit.o(.ARM.Collect$$libinit$$00000000)
    __rt_lib_init_alloca_1                   0x080001a7   Thumb Code     0  libinit2.o(.ARM.Collect$$libinit$$0000002E)
    __rt_lib_init_argv_1                     0x080001a7   Thumb Code     0  libinit2.o(.ARM.Collect$$libinit$$0000002C)
    __rt_lib_init_atexit_1                   0x080001a7   Thumb Code     0  libinit2.o(.ARM.Collect$$libinit$$0000001B)
    __rt_lib_init_clock_1                    0x080001a7   Thumb Code     0  libinit2.o(.ARM.Collect$$libinit$$00000021)
    __rt_lib_init_cpp_1                      0x080001a7   Thumb Code     0  libinit2.o(.ARM.Collect$$libinit$$00000032)
    __rt_lib_init_exceptions_1               0x080001a7   Thumb Code     0  libinit2.o(.ARM.Collect$$libinit$$00000030)
    __rt_lib_init_fp_1                       0x080001a7   Thumb Code     0  libinit2.o(.ARM.Collect$$libinit$$00000002)
    __rt_lib_init_fp_trap_1                  0x080001a7   Thumb Code     0  libinit2.o(.ARM.Collect$$libinit$$0000001F)
    __rt_lib_init_getenv_1                   0x080001a7   Thumb Code     0  libinit2.o(.ARM.Collect$$libinit$$00000023)
    __rt_lib_init_heap_1                     0x080001a7   Thumb Code     0  libinit2.o(.ARM.Collect$$libinit$$0000000A)
    __rt_lib_init_lc_collate_1               0x080001a7   Thumb Code     0  libinit2.o(.ARM.Collect$$libinit$$00000011)
    __rt_lib_init_lc_ctype_1                 0x080001a7   Thumb Code     0  libinit2.o(.ARM.Collect$$libinit$$00000013)
    __rt_lib_init_lc_monetary_1              0x080001a7   Thumb Code     0  libinit2.o(.ARM.Collect$$libinit$$00000015)
    __rt_lib_init_lc_numeric_1               0x080001a7   Thumb Code     0  libinit2.o(.ARM.Collect$$libinit$$00000017)
    __rt_lib_init_lc_time_1                  0x080001a7   Thumb Code     0  libinit2.o(.ARM.Collect$$libinit$$00000019)
    __rt_lib_init_preinit_1                  0x080001a7   Thumb Code     0  libinit2.o(.ARM.Collect$$libinit$$00000004)
    __rt_lib_init_rand_1                     0x080001a7   Thumb Code     0  libinit2.o(.ARM.Collect$$libinit$$0000000E)
    __rt_lib_init_return                     0x080001a7   Thumb Code     0  libinit2.o(.ARM.Collect$$libinit$$00000033)
    __rt_lib_init_signal_1                   0x080001a7   Thumb Code     0  libinit2.o(.ARM.Collect$$libinit$$0000001D)
    __rt_lib_init_stdio_1                    0x080001a7   Thumb Code     0  libinit2.o(.ARM.Collect$$libinit$$00000025)
    __rt_lib_init_user_alloc_1               0x080001a7   Thumb Code     0  libinit2.o(.ARM.Collect$$libinit$$0000000C)
    __rt_lib_shutdown                        0x080001a9   Thumb Code     0  libshutdown.o(.ARM.Collect$$libshutdown$$00000000)
    __rt_lib_shutdown_cpp_1                  0x080001ab   Thumb Code     0  libshutdown2.o(.ARM.Collect$$libshutdown$$00000002)
    __rt_lib_shutdown_fp_trap_1              0x080001ab   Thumb Code     0  libshutdown2.o(.ARM.Collect$$libshutdown$$00000007)
    __rt_lib_shutdown_heap_1                 0x080001ab   Thumb Code     0  libshutdown2.o(.ARM.Collect$$libshutdown$$0000000F)
    __rt_lib_shutdown_return                 0x080001ab   Thumb Code     0  libshutdown2.o(.ARM.Collect$$libshutdown$$00000010)
    __rt_lib_shutdown_signal_1               0x080001ab   Thumb Code     0  libshutdown2.o(.ARM.Collect$$libshutdown$$0000000A)
    __rt_lib_shutdown_stdio_1                0x080001ab   Thumb Code     0  libshutdown2.o(.ARM.Collect$$libshutdown$$00000004)
    __rt_lib_shutdown_user_alloc_1           0x080001ab   Thumb Code     0  libshutdown2.o(.ARM.Collect$$libshutdown$$0000000C)
    __rt_entry                               0x080001ad   Thumb Code     0  __rtentry.o(.ARM.Collect$$rtentry$$00000000)
    __rt_entry_presh_1                       0x080001ad   Thumb Code     0  __rtentry2.o(.ARM.Collect$$rtentry$$00000002)
    __rt_entry_sh                            0x080001ad   Thumb Code     0  __rtentry4.o(.ARM.Collect$$rtentry$$00000004)
    __rt_entry_li                            0x080001b3   Thumb Code     0  __rtentry2.o(.ARM.Collect$$rtentry$$0000000A)
    __rt_entry_postsh_1                      0x080001b3   Thumb Code     0  __rtentry2.o(.ARM.Collect$$rtentry$$00000009)
    __rt_entry_main                          0x080001b7   Thumb Code     0  __rtentry2.o(.ARM.Collect$$rtentry$$0000000D)
    __rt_entry_postli_1                      0x080001b7   Thumb Code     0  __rtentry2.o(.ARM.Collect$$rtentry$$0000000C)
    __rt_exit                                0x080001bf   Thumb Code     0  rtexit.o(.ARM.Collect$$rtexit$$00000000)
    __rt_exit_ls                             0x080001c1   Thumb Code     0  rtexit2.o(.ARM.Collect$$rtexit$$00000003)
    __rt_exit_prels_1                        0x080001c1   Thumb Code     0  rtexit2.o(.ARM.Collect$$rtexit$$00000002)
    __rt_exit_exit                           0x080001c5   Thumb Code     0  rtexit2.o(.ARM.Collect$$rtexit$$00000004)
    Reset_Handler                            0x080001cd   Thumb Code     8  startup_stm32f103xe.o(.text)
    ADC1_2_IRQHandler                        0x080001e7   Thumb Code     0  startup_stm32f103xe.o(.text)
    ADC3_IRQHandler                          0x080001e7   Thumb Code     0  startup_stm32f103xe.o(.text)
    CAN1_RX1_IRQHandler                      0x080001e7   Thumb Code     0  startup_stm32f103xe.o(.text)
    CAN1_SCE_IRQHandler                      0x080001e7   Thumb Code     0  startup_stm32f103xe.o(.text)
    DMA1_Channel1_IRQHandler                 0x080001e7   Thumb Code     0  startup_stm32f103xe.o(.text)
    DMA1_Channel2_IRQHandler                 0x080001e7   Thumb Code     0  startup_stm32f103xe.o(.text)
    DMA1_Channel3_IRQHandler                 0x080001e7   Thumb Code     0  startup_stm32f103xe.o(.text)
    DMA1_Channel4_IRQHandler                 0x080001e7   Thumb Code     0  startup_stm32f103xe.o(.text)
    DMA1_Channel5_IRQHandler                 0x080001e7   Thumb Code     0  startup_stm32f103xe.o(.text)
    DMA1_Channel6_IRQHandler                 0x080001e7   Thumb Code     0  startup_stm32f103xe.o(.text)
    DMA1_Channel7_IRQHandler                 0x080001e7   Thumb Code     0  startup_stm32f103xe.o(.text)
    DMA2_Channel1_IRQHandler                 0x080001e7   Thumb Code     0  startup_stm32f103xe.o(.text)
    DMA2_Channel2_IRQHandler                 0x080001e7   Thumb Code     0  startup_stm32f103xe.o(.text)
    DMA2_Channel3_IRQHandler                 0x080001e7   Thumb Code     0  startup_stm32f103xe.o(.text)
    DMA2_Channel4_5_IRQHandler               0x080001e7   Thumb Code     0  startup_stm32f103xe.o(.text)
    EXTI0_IRQHandler                         0x080001e7   Thumb Code     0  startup_stm32f103xe.o(.text)
    EXTI15_10_IRQHandler                     0x080001e7   Thumb Code     0  startup_stm32f103xe.o(.text)
    EXTI1_IRQHandler                         0x080001e7   Thumb Code     0  startup_stm32f103xe.o(.text)
    EXTI2_IRQHandler                         0x080001e7   Thumb Code     0  startup_stm32f103xe.o(.text)
    EXTI3_IRQHandler                         0x080001e7   Thumb Code     0  startup_stm32f103xe.o(.text)
    EXTI4_IRQHandler                         0x080001e7   Thumb Code     0  startup_stm32f103xe.o(.text)
    EXTI9_5_IRQHandler                       0x080001e7   Thumb Code     0  startup_stm32f103xe.o(.text)
    FLASH_IRQHandler                         0x080001e7   Thumb Code     0  startup_stm32f103xe.o(.text)
    FSMC_IRQHandler                          0x080001e7   Thumb Code     0  startup_stm32f103xe.o(.text)
    I2C1_ER_IRQHandler                       0x080001e7   Thumb Code     0  startup_stm32f103xe.o(.text)
    I2C1_EV_IRQHandler                       0x080001e7   Thumb Code     0  startup_stm32f103xe.o(.text)
    I2C2_ER_IRQHandler                       0x080001e7   Thumb Code     0  startup_stm32f103xe.o(.text)
    I2C2_EV_IRQHandler                       0x080001e7   Thumb Code     0  startup_stm32f103xe.o(.text)
    PVD_IRQHandler                           0x080001e7   Thumb Code     0  startup_stm32f103xe.o(.text)
    RCC_IRQHandler                           0x080001e7   Thumb Code     0  startup_stm32f103xe.o(.text)
    RTC_Alarm_IRQHandler                     0x080001e7   Thumb Code     0  startup_stm32f103xe.o(.text)
    RTC_IRQHandler                           0x080001e7   Thumb Code     0  startup_stm32f103xe.o(.text)
    SDIO_IRQHandler                          0x080001e7   Thumb Code     0  startup_stm32f103xe.o(.text)
    SPI1_IRQHandler                          0x080001e7   Thumb Code     0  startup_stm32f103xe.o(.text)
    SPI2_IRQHandler                          0x080001e7   Thumb Code     0  startup_stm32f103xe.o(.text)
    SPI3_IRQHandler                          0x080001e7   Thumb Code     0  startup_stm32f103xe.o(.text)
    TAMPER_IRQHandler                        0x080001e7   Thumb Code     0  startup_stm32f103xe.o(.text)
    TIM1_BRK_IRQHandler                      0x080001e7   Thumb Code     0  startup_stm32f103xe.o(.text)
    TIM1_CC_IRQHandler                       0x080001e7   Thumb Code     0  startup_stm32f103xe.o(.text)
    TIM1_TRG_COM_IRQHandler                  0x080001e7   Thumb Code     0  startup_stm32f103xe.o(.text)
    TIM1_UP_IRQHandler                       0x080001e7   Thumb Code     0  startup_stm32f103xe.o(.text)
    TIM2_IRQHandler                          0x080001e7   Thumb Code     0  startup_stm32f103xe.o(.text)
    TIM4_IRQHandler                          0x080001e7   Thumb Code     0  startup_stm32f103xe.o(.text)
    TIM5_IRQHandler                          0x080001e7   Thumb Code     0  startup_stm32f103xe.o(.text)
    TIM6_IRQHandler                          0x080001e7   Thumb Code     0  startup_stm32f103xe.o(.text)
    TIM7_IRQHandler                          0x080001e7   Thumb Code     0  startup_stm32f103xe.o(.text)
    TIM8_BRK_IRQHandler                      0x080001e7   Thumb Code     0  startup_stm32f103xe.o(.text)
    TIM8_CC_IRQHandler                       0x080001e7   Thumb Code     0  startup_stm32f103xe.o(.text)
    TIM8_TRG_COM_IRQHandler                  0x080001e7   Thumb Code     0  startup_stm32f103xe.o(.text)
    TIM8_UP_IRQHandler                       0x080001e7   Thumb Code     0  startup_stm32f103xe.o(.text)
    UART4_IRQHandler                         0x080001e7   Thumb Code     0  startup_stm32f103xe.o(.text)
    UART5_IRQHandler                         0x080001e7   Thumb Code     0  startup_stm32f103xe.o(.text)
    USART2_IRQHandler                        0x080001e7   Thumb Code     0  startup_stm32f103xe.o(.text)
    USART3_IRQHandler                        0x080001e7   Thumb Code     0  startup_stm32f103xe.o(.text)
    USBWakeUp_IRQHandler                     0x080001e7   Thumb Code     0  startup_stm32f103xe.o(.text)
    USB_HP_CAN1_TX_IRQHandler                0x080001e7   Thumb Code     0  startup_stm32f103xe.o(.text)
    USB_LP_CAN1_RX0_IRQHandler               0x080001e7   Thumb Code     0  startup_stm32f103xe.o(.text)
    WWDG_IRQHandler                          0x080001e7   Thumb Code     0  startup_stm32f103xe.o(.text)
    __user_initial_stackheap                 0x080001e9   Thumb Code     0  startup_stm32f103xe.o(.text)
    __use_no_semihosting                     0x0800020d   Thumb Code     2  use_no_semi_2.o(.text)
    __aeabi_llsr                             0x0800020f   Thumb Code     0  llushr.o(.text)
    _ll_ushift_r                             0x0800020f   Thumb Code    38  llushr.o(.text)
    __use_two_region_memory                  0x08000235   Thumb Code     2  heapauxi.o(.text)
    __rt_heap_escrow$2region                 0x08000237   Thumb Code     2  heapauxi.o(.text)
    __rt_heap_expand$2region                 0x08000239   Thumb Code     2  heapauxi.o(.text)
    __I$use$semihosting                      0x0800023b   Thumb Code     0  use_no_semi.o(.text)
    __use_no_semihosting_swi                 0x0800023b   Thumb Code     2  use_no_semi.o(.text)
    __user_setup_stackheap                   0x0800023d   Thumb Code    74  sys_stackheap_outer.o(.text)
    exit                                     0x08000287   Thumb Code    18  exit.o(.text)
    __user_libspace                          0x08000299   Thumb Code     8  libspace.o(.text)
    __user_perproc_libspace                  0x08000299   Thumb Code     0  libspace.o(.text)
    __user_perthread_libspace                0x08000299   Thumb Code     0  libspace.o(.text)
    BusFault_Handler                         0x080002a1   Thumb Code     4  stm32f1xx_it.o(i.BusFault_Handler)
    DS1302_Data                              0x080002a5   Thumb Code   104  ds1302.o(i.DS1302_Data)
    DS1302_Init                              0x08000319   Thumb Code    30  ds1302.o(i.DS1302_Init)
    DS1302_Read                              0x0800033d   Thumb Code   266  ds1302.o(i.DS1302_Read)
    DS1302_Readtime                          0x08000455   Thumb Code   220  ds1302.o(i.DS1302_Readtime)
    DS1302_SetTime                           0x08000535   Thumb Code    70  ds1302.o(i.DS1302_SetTime)
    DS1302_Write                             0x0800057d   Thumb Code   210  ds1302.o(i.DS1302_Write)
    DS1302_init                              0x0800065d   Thumb Code    60  ds1302.o(i.DS1302_init)
    DS18B20_Check                            0x080006a1   Thumb Code    86  ds18b20.o(i.DS18B20_Check)
    DS18B20_Get_Temp                         0x080006fd   Thumb Code   136  ds18b20.o(i.DS18B20_Get_Temp)
    DS18B20_Init_In                          0x08000789   Thumb Code    58  ds18b20.o(i.DS18B20_Init_In)
    DS18B20_Init_Out                         0x080007cd   Thumb Code    56  ds18b20.o(i.DS18B20_Init_Out)
    DS18B20_Read_Bit                         0x0800080d   Thumb Code    72  ds18b20.o(i.DS18B20_Read_Bit)
    DS18B20_Read_Byte                        0x08000859   Thumb Code    34  ds18b20.o(i.DS18B20_Read_Byte)
    DS18B20_Rst                              0x0800087d   Thumb Code    44  ds18b20.o(i.DS18B20_Rst)
    DS18B20_Start                            0x080008ad   Thumb Code    24  ds18b20.o(i.DS18B20_Start)
    DS18B20_Write_Byte                       0x080008c5   Thumb Code   100  ds18b20.o(i.DS18B20_Write_Byte)
    DebugMon_Handler                         0x0800092d   Thumb Code     2  stm32f1xx_it.o(i.DebugMon_Handler)
    DisplayOneChar                           0x0800092f   Thumb Code    42  lcd1602.o(i.DisplayOneChar)
    FLASH_PageErase                          0x08000959   Thumb Code    32  stm32f1xx_hal_flash_ex.o(i.FLASH_PageErase)
    FLASH_WaitForLastOperation               0x08000a25   Thumb Code   106  stm32f1xx_hal_flash.o(i.FLASH_WaitForLastOperation)
    HAL_DMA_Abort_IT                         0x08000a95   Thumb Code   414  stm32f1xx_hal_dma.o(i.HAL_DMA_Abort_IT)
    HAL_FLASH_Lock                           0x08000c3d   Thumb Code    16  stm32f1xx_hal_flash.o(i.HAL_FLASH_Lock)
    HAL_FLASH_Program                        0x08000c51   Thumb Code   168  stm32f1xx_hal_flash.o(i.HAL_FLASH_Program)
    HAL_FLASH_Unlock                         0x08000d01   Thumb Code    36  stm32f1xx_hal_flash.o(i.HAL_FLASH_Unlock)
    HAL_GPIO_Init                            0x08000d31   Thumb Code   792  stm32f1xx_hal_gpio.o(i.HAL_GPIO_Init)
    HAL_GPIO_ReadPin                         0x08001071   Thumb Code    16  stm32f1xx_hal_gpio.o(i.HAL_GPIO_ReadPin)
    HAL_GPIO_TogglePin                       0x08001081   Thumb Code    14  stm32f1xx_hal_gpio.o(i.HAL_GPIO_TogglePin)
    HAL_GPIO_WritePin                        0x0800108f   Thumb Code    12  stm32f1xx_hal_gpio.o(i.HAL_GPIO_WritePin)
    HAL_GetTick                              0x0800109d   Thumb Code     6  stm32f1xx_hal.o(i.HAL_GetTick)
    HAL_IncTick                              0x080010a9   Thumb Code    16  stm32f1xx_hal.o(i.HAL_IncTick)
    HAL_Init                                 0x080010c1   Thumb Code    34  stm32f1xx_hal.o(i.HAL_Init)
    HAL_InitTick                             0x080010e9   Thumb Code    64  stm32f1xx_hal.o(i.HAL_InitTick)
    HAL_MspInit                              0x08001135   Thumb Code     2  stm32f1xx_hal_msp.o(i.HAL_MspInit)
    HAL_NVIC_EnableIRQ                       0x08001137   Thumb Code    32  stm32f1xx_hal_cortex.o(i.HAL_NVIC_EnableIRQ)
    HAL_NVIC_SetPriority                     0x08001157   Thumb Code   124  stm32f1xx_hal_cortex.o(i.HAL_NVIC_SetPriority)
    HAL_NVIC_SetPriorityGrouping             0x080011d5   Thumb Code    32  stm32f1xx_hal_cortex.o(i.HAL_NVIC_SetPriorityGrouping)
    HAL_RCC_ClockConfig                      0x080011fd   Thumb Code   376  stm32f1xx_hal_rcc.o(i.HAL_RCC_ClockConfig)
    HAL_RCC_GetSysClockFreq                  0x08001389   Thumb Code   116  stm32f1xx_hal_rcc.o(i.HAL_RCC_GetSysClockFreq)
    HAL_RCC_OscConfig                        0x0800141d   Thumb Code  1114  stm32f1xx_hal_rcc.o(i.HAL_RCC_OscConfig)
    HAL_SYSTICK_CLKSourceConfig              0x08001881   Thumb Code    40  stm32f1xx_hal_cortex.o(i.HAL_SYSTICK_CLKSourceConfig)
    HAL_SYSTICK_Config                       0x080018a9   Thumb Code    52  stm32f1xx_hal_cortex.o(i.HAL_SYSTICK_Config)
    HAL_TIMEx_BreakCallback                  0x080018dd   Thumb Code     2  stm32f1xx_hal_tim_ex.o(i.HAL_TIMEx_BreakCallback)
    HAL_TIMEx_CommutCallback                 0x080018df   Thumb Code     2  stm32f1xx_hal_tim_ex.o(i.HAL_TIMEx_CommutCallback)
    HAL_TIM_Base_Init                        0x080018e1   Thumb Code    52  stm32f1xx_hal_tim.o(i.HAL_TIM_Base_Init)
    HAL_TIM_Base_MspInit                     0x08001915   Thumb Code    58  timer.o(i.HAL_TIM_Base_MspInit)
    HAL_TIM_Base_Start_IT                    0x08001959   Thumb Code    42  stm32f1xx_hal_tim.o(i.HAL_TIM_Base_Start_IT)
    HAL_TIM_IC_CaptureCallback               0x08001983   Thumb Code     2  stm32f1xx_hal_tim.o(i.HAL_TIM_IC_CaptureCallback)
    HAL_TIM_IRQHandler                       0x08001985   Thumb Code   406  stm32f1xx_hal_tim.o(i.HAL_TIM_IRQHandler)
    HAL_TIM_OC_DelayElapsedCallback          0x08001b1b   Thumb Code     2  stm32f1xx_hal_tim.o(i.HAL_TIM_OC_DelayElapsedCallback)
    HAL_TIM_PWM_PulseFinishedCallback        0x08001b1d   Thumb Code     2  stm32f1xx_hal_tim.o(i.HAL_TIM_PWM_PulseFinishedCallback)
    HAL_TIM_PeriodElapsedCallback            0x08001b21   Thumb Code    32  timer.o(i.HAL_TIM_PeriodElapsedCallback)
    HAL_TIM_TriggerCallback                  0x08001b4d   Thumb Code     2  stm32f1xx_hal_tim.o(i.HAL_TIM_TriggerCallback)
    HAL_UART_ErrorCallback                   0x08001b4f   Thumb Code     2  stm32f1xx_hal_uart.o(i.HAL_UART_ErrorCallback)
    HAL_UART_GetState                        0x08001b51   Thumb Code    20  stm32f1xx_hal_uart.o(i.HAL_UART_GetState)
    HAL_UART_IRQHandler                      0x08001b65   Thumb Code   326  stm32f1xx_hal_uart.o(i.HAL_UART_IRQHandler)
    HAL_UART_Receive_IT                      0x08001cb1   Thumb Code   112  stm32f1xx_hal_uart.o(i.HAL_UART_Receive_IT)
    HAL_UART_RxCpltCallback                  0x08001d21   Thumb Code   120  usart.o(i.HAL_UART_RxCpltCallback)
    HAL_UART_TxCpltCallback                  0x08001da9   Thumb Code     2  stm32f1xx_hal_uart.o(i.HAL_UART_TxCpltCallback)
    HardFault_Handler                        0x08001dab   Thumb Code     4  stm32f1xx_it.o(i.HardFault_Handler)
    IO_Init                                  0x08001db1   Thumb Code   156  lcd1602.o(i.IO_Init)
    KEY_Init                                 0x08001e5d   Thumb Code    30  led.o(i.KEY_Init)
    KEY_Scan                                 0x08001e81   Thumb Code   298  led.o(i.KEY_Scan)
    LCDInit                                  0x08001fb5   Thumb Code    96  lcd1602.o(i.LCDInit)
    LCD_Clear                                0x08002015   Thumb Code    18  lcd1602.o(i.LCD_Clear)
    LED_Init                                 0x08002029   Thumb Code   158  led.o(i.LED_Init)
    MemManage_Handler                        0x080020d5   Thumb Code     4  stm32f1xx_it.o(i.MemManage_Handler)
    NMI_Handler                              0x080020d9   Thumb Code     2  stm32f1xx_it.o(i.NMI_Handler)
    PendSV_Handler                           0x080020db   Thumb Code     2  stm32f1xx_it.o(i.PendSV_Handler)
    ReadStatusLCD                            0x08002105   Thumb Code   106  lcd1602.o(i.ReadStatusLCD)
    STMFLASH_Read                            0x08002179   Thumb Code    34  stmflash.o(i.STMFLASH_Read)
    STMFLASH_ReadHalfWord                    0x0800219b   Thumb Code     6  stmflash.o(i.STMFLASH_ReadHalfWord)
    STMFLASH_Write                           0x080021a1   Thumb Code   252  stmflash.o(i.STMFLASH_Write)
    STMFLASH_Write_NoCheck                   0x080022a9   Thumb Code    44  stmflash.o(i.STMFLASH_Write_NoCheck)
    SVC_Handler                              0x080022d5   Thumb Code     2  stm32f1xx_it.o(i.SVC_Handler)
    Show_T                                   0x080022d9   Thumb Code   342  lcd1602.o(i.Show_T)
    Stm32_Clock_Init                         0x08002435   Thumb Code    86  sys.o(i.Stm32_Clock_Init)
    Switch_Add                               0x0800248d   Thumb Code   190  main.o(i.Switch_Add)
    Switch_Set                               0x0800256d   Thumb Code    88  main.o(i.Switch_Set)
    Switch_Sub                               0x080025e1   Thumb Code   178  main.o(i.Switch_Sub)
    Switch_watch                             0x080026b5   Thumb Code   546  main.o(i.Switch_watch)
    Swtich_Time                              0x080028e9   Thumb Code   734  main.o(i.Swtich_Time)
    SysTick_Handler                          0x08002c09   Thumb Code     8  stm32f1xx_it.o(i.SysTick_Handler)
    SystemInit                               0x08002c11   Thumb Code    70  system_stm32f1xx.o(i.SystemInit)
    TIM3_IRQHandler                          0x08002c69   Thumb Code    10  timer.o(i.TIM3_IRQHandler)
    TIM3_Init                                0x08002c79   Thumb Code    36  timer.o(i.TIM3_Init)
    TIM_Base_SetConfig                       0x08002ca5   Thumb Code   134  stm32f1xx_hal_tim.o(i.TIM_Base_SetConfig)
    USART1_IRQHandler                        0x08002ea5   Thumb Code    56  usart.o(i.USART1_IRQHandler)
    UsageFault_Handler                       0x08002ee5   Thumb Code     4  stm32f1xx_it.o(i.UsageFault_Handler)
    WriteCommandLCD                          0x08002ee9   Thumb Code    74  lcd1602.o(i.WriteCommandLCD)
    WriteDataLCD                             0x08002f39   Thumb Code    68  lcd1602.o(i.WriteDataLCD)
    WriteInput                               0x08002f81   Thumb Code   238  lcd1602.o(i.WriteInput)
    _sys_exit                                0x080030b1   Thumb Code     4  usart.o(i._sys_exit)
    delay_init                               0x080030b5   Thumb Code    16  delay.o(i.delay_init)
    delay_ms                                 0x080030c9   Thumb Code    24  delay.o(i.delay_ms)
    delay_us                                 0x080030e1   Thumb Code    68  delay.o(i.delay_us)
    get_temp                                 0x08003129   Thumb Code   236  main.o(i.get_temp)
    main                                     0x08003221   Thumb Code   462  main.o(i.main)
    set_Time                                 0x08003419   Thumb Code   116  main.o(i.set_Time)
    show_stopwatch                           0x0800348d   Thumb Code   300  main.o(i.show_stopwatch)
    show_time                                0x080035bd   Thumb Code   176  main.o(i.show_time)
    __aeabi_d2iz                             0x0800366d   Thumb Code     0  dfix.o(x$fpl$dfix)
    _dfix                                    0x0800366d   Thumb Code    94  dfix.o(x$fpl$dfix)
    __aeabi_dmul                             0x080036cd   Thumb Code     0  dmul.o(x$fpl$dmul)
    _dmul                                    0x080036cd   Thumb Code   332  dmul.o(x$fpl$dmul)
    __fpl_dnaninf                            0x08003821   Thumb Code   156  dnaninf.o(x$fpl$dnaninf)
    __fpl_dretinf                            0x080038bd   Thumb Code    12  dretinf.o(x$fpl$dretinf)
    __aeabi_f2d                              0x080038c9   Thumb Code     0  f2d.o(x$fpl$f2d)
    _f2d                                     0x080038c9   Thumb Code    86  f2d.o(x$fpl$f2d)
    __aeabi_i2f                              0x08003921   Thumb Code     0  fflt_clz.o(x$fpl$fflt)
    _fflt                                    0x08003921   Thumb Code    48  fflt_clz.o(x$fpl$fflt)
    __fpl_fnaninf                            0x08003951   Thumb Code   140  fnaninf.o(x$fpl$fnaninf)
    AHBPrescTable                            0x080039dc   Data          16  system_stm32f1xx.o(.constdata)
    __I$use$fp                               0x080039dc   Number         0  usenofp.o(x$fpl$usenofp)
    APBPrescTable                            0x080039ec   Data           8  system_stm32f1xx.o(.constdata)
    Region$$Table$$Base                      0x080039f4   Number         0  anon$$obj.o(Region$$Table)
    Region$$Table$$Limit                     0x08003a14   Number         0  anon$$obj.o(Region$$Table)
    Settime                                  0x20000000   Data           6  main.o(.data)
    TEXT_Buffer                              0x20000006   Data           1  main.o(.data)
    watch_flag                               0x20000008   Data           4  main.o(.data)
    set_flag                                 0x2000000c   Data           4  main.o(.data)
    time_break                               0x20000010   Data           4  main.o(.data)
    disturb_flag                             0x20000014   Data           4  main.o(.data)
    hh_1                                     0x20000018   Data           4  main.o(.data)
    hh_0                                     0x2000001c   Data           4  main.o(.data)
    mm_1                                     0x20000020   Data           4  main.o(.data)
    mm_0                                     0x20000024   Data           4  main.o(.data)
    ss_1                                     0x20000028   Data           4  main.o(.data)
    ss_0                                     0x2000002c   Data           4  main.o(.data)
    turn1                                    0x20000030   Data           4  main.o(.data)
    turn2                                    0x20000034   Data           4  main.o(.data)
    turn3                                    0x20000038   Data           4  main.o(.data)
    turn4                                    0x2000003c   Data           4  main.o(.data)
    turn5                                    0x20000040   Data           4  main.o(.data)
    turn6                                    0x20000044   Data           4  main.o(.data)
    chose                                    0x20000048   Data           4  main.o(.data)
    tep                                      0x2000004c   Data           2  main.o(.data)
    temp_flag                                0x20000050   Data           4  main.o(.data)
    SystemCoreClock                          0x20000054   Data           4  system_stm32f1xx.o(.data)
    uwTick                                   0x20000058   Data           4  stm32f1xx_hal.o(.data)
    uwTickPrio                               0x2000005c   Data           4  stm32f1xx_hal.o(.data)
    uwTickFreq                               0x20000060   Data           1  stm32f1xx_hal.o(.data)
    __stdout                                 0x20000068   Data           4  usart.o(.data)
    USART_RX_STA                             0x2000006c   Data           2  usart.o(.data)
    aRxBuffer                                0x2000006e   Data           1  usart.o(.data)
    ds_io                                    0x20000070   Data           1  ds1302.o(.data)
    stop_watch                               0x20000074   Data           4  timer.o(.data)
    pFlash                                   0x20000078   Data          32  stm32f1xx_hal_flash.o(.bss)
    USART_RX_BUF                             0x20000098   Data         200  usart.o(.bss)
    UART1_Handler                            0x20000160   Data          64  usart.o(.bss)
    label2                                   0x200001a0   Data          16  ds1302.o(.bss)
    STMFLASH_BUF                             0x200001b0   Data        1024  stmflash.o(.bss)
    TIM3_Handler                             0x200005b0   Data          64  timer.o(.bss)
    __libspace_start                         0x200005f0   Data          96  libspace.o(.bss)
    __temporary_stack_top$libspace           0x20000650   Data           0  libspace.o(.bss)



==============================================================================

Memory Map of the image

  Image Entry point : 0x08000131

  Load Region LR_IROM1 (Base: 0x08000000, Size: 0x00003a8c, Max: 0x00010000, ABSOLUTE)

    Execution Region ER_IROM1 (Base: 0x08000000, Size: 0x00003a14, Max: 0x00010000, ABSOLUTE)

    Base Addr    Size         Type   Attr      Idx    E Section Name        Object

    0x08000000   0x00000130   Data   RO          533    RESET               startup_stm32f103xe.o
    0x08000130   0x00000008   Code   RO         3567  * !!!main             c_w.l(__main.o)
    0x08000138   0x00000034   Code   RO         3743    !!!scatter          c_w.l(__scatter.o)
    0x0800016c   0x0000001a   Code   RO         3745    !!handler_copy      c_w.l(__scatter_copy.o)
    0x08000186   0x00000002   PAD
    0x08000188   0x0000001c   Code   RO         3747    !!handler_zi        c_w.l(__scatter_zi.o)
    0x080001a4   0x00000002   Code   RO         3617    .ARM.Collect$$libinit$$00000000  c_w.l(libinit.o)
    0x080001a6   0x00000000   Code   RO         3624    .ARM.Collect$$libinit$$00000002  c_w.l(libinit2.o)
    0x080001a6   0x00000000   Code   RO         3626    .ARM.Collect$$libinit$$00000004  c_w.l(libinit2.o)
    0x080001a6   0x00000000   Code   RO         3629    .ARM.Collect$$libinit$$0000000A  c_w.l(libinit2.o)
    0x080001a6   0x00000000   Code   RO         3631    .ARM.Collect$$libinit$$0000000C  c_w.l(libinit2.o)
    0x080001a6   0x00000000   Code   RO         3633    .ARM.Collect$$libinit$$0000000E  c_w.l(libinit2.o)
    0x080001a6   0x00000000   Code   RO         3636    .ARM.Collect$$libinit$$00000011  c_w.l(libinit2.o)
    0x080001a6   0x00000000   Code   RO         3638    .ARM.Collect$$libinit$$00000013  c_w.l(libinit2.o)
    0x080001a6   0x00000000   Code   RO         3640    .ARM.Collect$$libinit$$00000015  c_w.l(libinit2.o)
    0x080001a6   0x00000000   Code   RO         3642    .ARM.Collect$$libinit$$00000017  c_w.l(libinit2.o)
    0x080001a6   0x00000000   Code   RO         3644    .ARM.Collect$$libinit$$00000019  c_w.l(libinit2.o)
    0x080001a6   0x00000000   Code   RO         3646    .ARM.Collect$$libinit$$0000001B  c_w.l(libinit2.o)
    0x080001a6   0x00000000   Code   RO         3648    .ARM.Collect$$libinit$$0000001D  c_w.l(libinit2.o)
    0x080001a6   0x00000000   Code   RO         3650    .ARM.Collect$$libinit$$0000001F  c_w.l(libinit2.o)
    0x080001a6   0x00000000   Code   RO         3652    .ARM.Collect$$libinit$$00000021  c_w.l(libinit2.o)
    0x080001a6   0x00000000   Code   RO         3654    .ARM.Collect$$libinit$$00000023  c_w.l(libinit2.o)
    0x080001a6   0x00000000   Code   RO         3656    .ARM.Collect$$libinit$$00000025  c_w.l(libinit2.o)
    0x080001a6   0x00000000   Code   RO         3660    .ARM.Collect$$libinit$$0000002C  c_w.l(libinit2.o)
    0x080001a6   0x00000000   Code   RO         3662    .ARM.Collect$$libinit$$0000002E  c_w.l(libinit2.o)
    0x080001a6   0x00000000   Code   RO         3664    .ARM.Collect$$libinit$$00000030  c_w.l(libinit2.o)
    0x080001a6   0x00000000   Code   RO         3666    .ARM.Collect$$libinit$$00000032  c_w.l(libinit2.o)
    0x080001a6   0x00000002   Code   RO         3667    .ARM.Collect$$libinit$$00000033  c_w.l(libinit2.o)
    0x080001a8   0x00000002   Code   RO         3685    .ARM.Collect$$libshutdown$$00000000  c_w.l(libshutdown.o)
    0x080001aa   0x00000000   Code   RO         3695    .ARM.Collect$$libshutdown$$00000002  c_w.l(libshutdown2.o)
    0x080001aa   0x00000000   Code   RO         3697    .ARM.Collect$$libshutdown$$00000004  c_w.l(libshutdown2.o)
    0x080001aa   0x00000000   Code   RO         3700    .ARM.Collect$$libshutdown$$00000007  c_w.l(libshutdown2.o)
    0x080001aa   0x00000000   Code   RO         3703    .ARM.Collect$$libshutdown$$0000000A  c_w.l(libshutdown2.o)
    0x080001aa   0x00000000   Code   RO         3705    .ARM.Collect$$libshutdown$$0000000C  c_w.l(libshutdown2.o)
    0x080001aa   0x00000000   Code   RO         3708    .ARM.Collect$$libshutdown$$0000000F  c_w.l(libshutdown2.o)
    0x080001aa   0x00000002   Code   RO         3709    .ARM.Collect$$libshutdown$$00000010  c_w.l(libshutdown2.o)
    0x080001ac   0x00000000   Code   RO         3585    .ARM.Collect$$rtentry$$00000000  c_w.l(__rtentry.o)
    0x080001ac   0x00000000   Code   RO         3594    .ARM.Collect$$rtentry$$00000002  c_w.l(__rtentry2.o)
    0x080001ac   0x00000006   Code   RO         3606    .ARM.Collect$$rtentry$$00000004  c_w.l(__rtentry4.o)
    0x080001b2   0x00000000   Code   RO         3596    .ARM.Collect$$rtentry$$00000009  c_w.l(__rtentry2.o)
    0x080001b2   0x00000004   Code   RO         3597    .ARM.Collect$$rtentry$$0000000A  c_w.l(__rtentry2.o)
    0x080001b6   0x00000000   Code   RO         3599    .ARM.Collect$$rtentry$$0000000C  c_w.l(__rtentry2.o)
    0x080001b6   0x00000008   Code   RO         3600    .ARM.Collect$$rtentry$$0000000D  c_w.l(__rtentry2.o)
    0x080001be   0x00000002   Code   RO         3621    .ARM.Collect$$rtexit$$00000000  c_w.l(rtexit.o)
    0x080001c0   0x00000000   Code   RO         3669    .ARM.Collect$$rtexit$$00000002  c_w.l(rtexit2.o)
    0x080001c0   0x00000004   Code   RO         3670    .ARM.Collect$$rtexit$$00000003  c_w.l(rtexit2.o)
    0x080001c4   0x00000006   Code   RO         3671    .ARM.Collect$$rtexit$$00000004  c_w.l(rtexit2.o)
    0x080001ca   0x00000002   PAD
    0x080001cc   0x00000040   Code   RO          534    .text               startup_stm32f103xe.o
    0x0800020c   0x00000002   Code   RO         3561    .text               c_w.l(use_no_semi_2.o)
    0x0800020e   0x00000026   Code   RO         3563    .text               c_w.l(llushr.o)
    0x08000234   0x00000006   Code   RO         3565    .text               c_w.l(heapauxi.o)
    0x0800023a   0x00000002   Code   RO         3583    .text               c_w.l(use_no_semi.o)
    0x0800023c   0x0000004a   Code   RO         3608    .text               c_w.l(sys_stackheap_outer.o)
    0x08000286   0x00000012   Code   RO         3610    .text               c_w.l(exit.o)
    0x08000298   0x00000008   Code   RO         3618    .text               c_w.l(libspace.o)
    0x080002a0   0x00000004   Code   RO          340    i.BusFault_Handler  stm32f1xx_it.o
    0x080002a4   0x00000074   Code   RO         3305    i.DS1302_Data       ds1302.o
    0x08000318   0x00000024   Code   RO         3306    i.DS1302_Init       ds1302.o
    0x0800033c   0x00000118   Code   RO         3309    i.DS1302_Read       ds1302.o
    0x08000454   0x000000e0   Code   RO         3310    i.DS1302_Readtime   ds1302.o
    0x08000534   0x00000046   Code   RO         3311    i.DS1302_SetTime    ds1302.o
    0x0800057a   0x00000002   PAD
    0x0800057c   0x000000e0   Code   RO         3312    i.DS1302_Write      ds1302.o
    0x0800065c   0x00000044   Code   RO         3313    i.DS1302_init       ds1302.o
    0x080006a0   0x0000005c   Code   RO         3435    i.DS18B20_Check     ds18b20.o
    0x080006fc   0x0000008c   Code   RO         3436    i.DS18B20_Get_Temp  ds18b20.o
    0x08000788   0x00000044   Code   RO         3437    i.DS18B20_Init_In   ds18b20.o
    0x080007cc   0x00000040   Code   RO         3438    i.DS18B20_Init_Out  ds18b20.o
    0x0800080c   0x0000004c   Code   RO         3439    i.DS18B20_Read_Bit  ds18b20.o
    0x08000858   0x00000022   Code   RO         3440    i.DS18B20_Read_Byte  ds18b20.o
    0x0800087a   0x00000002   PAD
    0x0800087c   0x00000030   Code   RO         3441    i.DS18B20_Rst       ds18b20.o
    0x080008ac   0x00000018   Code   RO         3442    i.DS18B20_Start     ds18b20.o
    0x080008c4   0x00000068   Code   RO         3443    i.DS18B20_Write_Byte  ds18b20.o
    0x0800092c   0x00000002   Code   RO          341    i.DebugMon_Handler  stm32f1xx_it.o
    0x0800092e   0x0000002a   Code   RO         3233    i.DisplayOneChar    lcd1602.o
    0x08000958   0x00000028   Code   RO         2011    i.FLASH_PageErase   stm32f1xx_hal_flash_ex.o
    0x08000980   0x00000020   Code   RO         1899    i.FLASH_Program_HalfWord  stm32f1xx_hal_flash.o
    0x080009a0   0x00000084   Code   RO         1900    i.FLASH_SetErrorCode  stm32f1xx_hal_flash.o
    0x08000a24   0x00000070   Code   RO         1901    i.FLASH_WaitForLastOperation  stm32f1xx_hal_flash.o
    0x08000a94   0x000001a8   Code   RO          839    i.HAL_DMA_Abort_IT  stm32f1xx_hal_dma.o
    0x08000c3c   0x00000014   Code   RO         1905    i.HAL_FLASH_Lock    stm32f1xx_hal_flash.o
    0x08000c50   0x000000b0   Code   RO         1910    i.HAL_FLASH_Program  stm32f1xx_hal_flash.o
    0x08000d00   0x00000030   Code   RO         1912    i.HAL_FLASH_Unlock  stm32f1xx_hal_flash.o
    0x08000d30   0x00000340   Code   RO          935    i.HAL_GPIO_Init     stm32f1xx_hal_gpio.o
    0x08001070   0x00000010   Code   RO          937    i.HAL_GPIO_ReadPin  stm32f1xx_hal_gpio.o
    0x08001080   0x0000000e   Code   RO          938    i.HAL_GPIO_TogglePin  stm32f1xx_hal_gpio.o
    0x0800108e   0x0000000c   Code   RO          939    i.HAL_GPIO_WritePin  stm32f1xx_hal_gpio.o
    0x0800109a   0x00000002   PAD
    0x0800109c   0x0000000c   Code   RO          552    i.HAL_GetTick       stm32f1xx_hal.o
    0x080010a8   0x00000018   Code   RO          558    i.HAL_IncTick       stm32f1xx_hal.o
    0x080010c0   0x00000028   Code   RO          559    i.HAL_Init          stm32f1xx_hal.o
    0x080010e8   0x0000004c   Code   RO          560    i.HAL_InitTick      stm32f1xx_hal.o
    0x08001134   0x00000002   Code   RO          308    i.HAL_MspInit       stm32f1xx_hal_msp.o
    0x08001136   0x00000020   Code   RO          717    i.HAL_NVIC_EnableIRQ  stm32f1xx_hal_cortex.o
    0x08001156   0x0000007c   Code   RO          723    i.HAL_NVIC_SetPriority  stm32f1xx_hal_cortex.o
    0x080011d2   0x00000002   PAD
    0x080011d4   0x00000028   Code   RO          724    i.HAL_NVIC_SetPriorityGrouping  stm32f1xx_hal_cortex.o
    0x080011fc   0x0000018c   Code   RO         1160    i.HAL_RCC_ClockConfig  stm32f1xx_hal_rcc.o
    0x08001388   0x00000094   Code   RO         1169    i.HAL_RCC_GetSysClockFreq  stm32f1xx_hal_rcc.o
    0x0800141c   0x00000464   Code   RO         1172    i.HAL_RCC_OscConfig  stm32f1xx_hal_rcc.o
    0x08001880   0x00000028   Code   RO          726    i.HAL_SYSTICK_CLKSourceConfig  stm32f1xx_hal_cortex.o
    0x080018a8   0x00000034   Code   RO          728    i.HAL_SYSTICK_Config  stm32f1xx_hal_cortex.o
    0x080018dc   0x00000002   Code   RO         2796    i.HAL_TIMEx_BreakCallback  stm32f1xx_hal_tim_ex.o
    0x080018de   0x00000002   Code   RO         2797    i.HAL_TIMEx_CommutCallback  stm32f1xx_hal_tim_ex.o
    0x080018e0   0x00000034   Code   RO         2110    i.HAL_TIM_Base_Init  stm32f1xx_hal_tim.o
    0x08001914   0x00000044   Code   RO         3513    i.HAL_TIM_Base_MspInit  timer.o
    0x08001958   0x0000002a   Code   RO         2115    i.HAL_TIM_Base_Start_IT  stm32f1xx_hal_tim.o
    0x08001982   0x00000002   Code   RO         2139    i.HAL_TIM_IC_CaptureCallback  stm32f1xx_hal_tim.o
    0x08001984   0x00000196   Code   RO         2153    i.HAL_TIM_IRQHandler  stm32f1xx_hal_tim.o
    0x08001b1a   0x00000002   Code   RO         2156    i.HAL_TIM_OC_DelayElapsedCallback  stm32f1xx_hal_tim.o
    0x08001b1c   0x00000002   Code   RO         2183    i.HAL_TIM_PWM_PulseFinishedCallback  stm32f1xx_hal_tim.o
    0x08001b1e   0x00000002   PAD
    0x08001b20   0x0000002c   Code   RO         3514    i.HAL_TIM_PeriodElapsedCallback  timer.o
    0x08001b4c   0x00000002   Code   RO         2196    i.HAL_TIM_TriggerCallback  stm32f1xx_hal_tim.o
    0x08001b4e   0x00000002   Code   RO         1323    i.HAL_UART_ErrorCallback  stm32f1xx_hal_uart.o
    0x08001b50   0x00000014   Code   RO         1325    i.HAL_UART_GetState  stm32f1xx_hal_uart.o
    0x08001b64   0x0000014c   Code   RO         1326    i.HAL_UART_IRQHandler  stm32f1xx_hal_uart.o
    0x08001cb0   0x00000070   Code   RO         1332    i.HAL_UART_Receive_IT  stm32f1xx_hal_uart.o
    0x08001d20   0x00000088   Code   RO         3132    i.HAL_UART_RxCpltCallback  usart.o
    0x08001da8   0x00000002   Code   RO         1338    i.HAL_UART_TxCpltCallback  stm32f1xx_hal_uart.o
    0x08001daa   0x00000004   Code   RO          342    i.HardFault_Handler  stm32f1xx_it.o
    0x08001dae   0x00000002   PAD
    0x08001db0   0x000000ac   Code   RO         3234    i.IO_Init           lcd1602.o
    0x08001e5c   0x00000024   Code   RO         3196    i.KEY_Init          led.o
    0x08001e80   0x00000134   Code   RO         3197    i.KEY_Scan          led.o
    0x08001fb4   0x00000060   Code   RO         3235    i.LCDInit           lcd1602.o
    0x08002014   0x00000012   Code   RO         3236    i.LCD_Clear         lcd1602.o
    0x08002026   0x00000002   PAD
    0x08002028   0x000000ac   Code   RO         3198    i.LED_Init          led.o
    0x080020d4   0x00000004   Code   RO          343    i.MemManage_Handler  stm32f1xx_it.o
    0x080020d8   0x00000002   Code   RO          344    i.NMI_Handler       stm32f1xx_it.o
    0x080020da   0x00000002   Code   RO          345    i.PendSV_Handler    stm32f1xx_it.o
    0x080020dc   0x00000028   Code   RO         1173    i.RCC_Delay         stm32f1xx_hal_rcc.o
    0x08002104   0x00000074   Code   RO         3237    i.ReadStatusLCD     lcd1602.o
    0x08002178   0x00000022   Code   RO         3384    i.STMFLASH_Read     stmflash.o
    0x0800219a   0x00000006   Code   RO         3385    i.STMFLASH_ReadHalfWord  stmflash.o
    0x080021a0   0x00000108   Code   RO         3386    i.STMFLASH_Write    stmflash.o
    0x080022a8   0x0000002c   Code   RO         3387    i.STMFLASH_Write_NoCheck  stmflash.o
    0x080022d4   0x00000002   Code   RO          346    i.SVC_Handler       stm32f1xx_it.o
    0x080022d6   0x00000002   PAD
    0x080022d8   0x0000015c   Code   RO         3238    i.Show_T            lcd1602.o
    0x08002434   0x00000056   Code   RO         3088    i.Stm32_Clock_Init  sys.o
    0x0800248a   0x00000002   PAD
    0x0800248c   0x000000e0   Code   RO           50    i.Switch_Add        main.o
    0x0800256c   0x00000074   Code   RO           72    i.Switch_Set        main.o
    0x080025e0   0x000000d4   Code   RO           44    i.Switch_Sub        main.o
    0x080026b4   0x00000234   Code   RO           38    i.Switch_watch      main.o
    0x080028e8   0x00000320   Code   RO           32    i.Swtich_Time       main.o
    0x08002c08   0x00000008   Code   RO          347    i.SysTick_Handler   stm32f1xx_it.o
    0x08002c10   0x00000058   Code   RO          416    i.SystemInit        system_stm32f1xx.o
    0x08002c68   0x00000010   Code   RO         3515    i.TIM3_IRQHandler   timer.o
    0x08002c78   0x0000002c   Code   RO         3516    i.TIM3_Init         timer.o
    0x08002ca4   0x0000009c   Code   RO         2198    i.TIM_Base_SetConfig  stm32f1xx_hal_tim.o
    0x08002d40   0x00000014   Code   RO         1340    i.UART_DMAAbortOnError  stm32f1xx_hal_uart.o
    0x08002d54   0x00000020   Code   RO         1350    i.UART_EndRxTransfer  stm32f1xx_hal_uart.o
    0x08002d74   0x00000020   Code   RO         1351    i.UART_EndTransmit_IT  stm32f1xx_hal_uart.o
    0x08002d94   0x000000a6   Code   RO         1353    i.UART_Receive_IT   stm32f1xx_hal_uart.o
    0x08002e3a   0x00000068   Code   RO         1355    i.UART_Transmit_IT  stm32f1xx_hal_uart.o
    0x08002ea2   0x00000002   PAD
    0x08002ea4   0x00000040   Code   RO         3133    i.USART1_IRQHandler  usart.o
    0x08002ee4   0x00000004   Code   RO          348    i.UsageFault_Handler  stm32f1xx_it.o
    0x08002ee8   0x00000050   Code   RO         3239    i.WriteCommandLCD   lcd1602.o
    0x08002f38   0x00000048   Code   RO         3240    i.WriteDataLCD      lcd1602.o
    0x08002f80   0x000000f8   Code   RO         3241    i.WriteInput        lcd1602.o
    0x08003078   0x00000010   Code   RO          730    i.__NVIC_GetPriorityGrouping  stm32f1xx_hal_cortex.o
    0x08003088   0x00000028   Code   RO          731    i.__NVIC_SetPriority  stm32f1xx_hal_cortex.o
    0x080030b0   0x00000004   Code   RO         3134    i._sys_exit         usart.o
    0x080030b4   0x00000014   Code   RO         3047    i.delay_init        delay.o
    0x080030c8   0x00000018   Code   RO         3048    i.delay_ms          delay.o
    0x080030e0   0x00000048   Code   RO         3049    i.delay_us          delay.o
    0x08003128   0x000000f8   Code   RO           56    i.get_temp          main.o
    0x08003220   0x000001f8   Code   RO            4    i.main              main.o
    0x08003418   0x00000074   Code   RO           67    i.set_Time          main.o
    0x0800348c   0x00000130   Code   RO           26    i.show_stopwatch    main.o
    0x080035bc   0x000000b0   Code   RO           62    i.show_time         main.o
    0x0800366c   0x0000005e   Code   RO         3569    x$fpl$dfix          fz_ws.l(dfix.o)
    0x080036ca   0x00000002   PAD
    0x080036cc   0x00000154   Code   RO         3573    x$fpl$dmul          fz_ws.l(dmul.o)
    0x08003820   0x0000009c   Code   RO         3586    x$fpl$dnaninf       fz_ws.l(dnaninf.o)
    0x080038bc   0x0000000c   Code   RO         3588    x$fpl$dretinf       fz_ws.l(dretinf.o)
    0x080038c8   0x00000056   Code   RO         3575    x$fpl$f2d           fz_ws.l(f2d.o)
    0x0800391e   0x00000002   PAD
    0x08003920   0x00000030   Code   RO         3578    x$fpl$fflt          fz_ws.l(fflt_clz.o)
    0x08003950   0x0000008c   Code   RO         3590    x$fpl$fnaninf       fz_ws.l(fnaninf.o)
    0x080039dc   0x00000000   Code   RO         3592    x$fpl$usenofp       fz_ws.l(usenofp.o)
    0x080039dc   0x00000018   Data   RO          417    .constdata          system_stm32f1xx.o
    0x080039f4   0x00000020   Data   RO         3741    Region$$Table       anon$$obj.o


    Execution Region RW_IRAM1 (Base: 0x20000000, Size: 0x00000c50, Max: 0x00005000, ABSOLUTE)

    Base Addr    Size         Type   Attr      Idx    E Section Name        Object

    0x20000000   0x00000054   Data   RW            5    .data               main.o
    0x20000054   0x00000004   Data   RW          418    .data               system_stm32f1xx.o
    0x20000058   0x00000009   Data   RW          566    .data               stm32f1xx_hal.o
    0x20000061   0x00000003   PAD
    0x20000064   0x00000004   Data   RW         3050    .data               delay.o
    0x20000068   0x00000007   Data   RW         3138    .data               usart.o
    0x2000006f   0x00000001   Data   RW         3199    .data               led.o
    0x20000070   0x00000001   Data   RW         3315    .data               ds1302.o
    0x20000071   0x00000003   PAD
    0x20000074   0x00000004   Data   RW         3518    .data               timer.o
    0x20000078   0x00000020   Zero   RW         1913    .bss                stm32f1xx_hal_flash.o
    0x20000098   0x00000108   Zero   RW         3137    .bss                usart.o
    0x200001a0   0x00000010   Zero   RW         3314    .bss                ds1302.o
    0x200001b0   0x00000400   Zero   RW         3389    .bss                stmflash.o
    0x200005b0   0x00000040   Zero   RW         3517    .bss                timer.o
    0x200005f0   0x00000060   Zero   RW         3619    .bss                c_w.l(libspace.o)
    0x20000650   0x00000200   Zero   RW          532    HEAP                startup_stm32f103xe.o
    0x20000850   0x00000400   Zero   RW          531    STACK               startup_stm32f103xe.o


==============================================================================

Image component sizes


      Code (inc. data)   RO Data    RW Data    ZI Data      Debug   Object Name

       116          8          0          4          0       1895   delay.o
      1018         58          0          1         16       6133   ds1302.o
       650         40          0          0          0       5698   ds18b20.o
      1192         52          0          0          0       5764   lcd1602.o
       516         30          0          1          0       2253   led.o
      3264        268          0         84          0     493656   main.o
        64         26        304          0       1536        796   startup_stm32f103xe.o
       152         32          0          9          0       5961   stm32f1xx_hal.o
       344         22          0          0          0      29925   stm32f1xx_hal_cortex.o
       424         10          0          0          0       1251   stm32f1xx_hal_dma.o
       520         48          0          0         32       4246   stm32f1xx_hal_flash.o
        40          8          0          0          0        574   stm32f1xx_hal_flash_ex.o
       874         40          0          0          0       3972   stm32f1xx_hal_gpio.o
         2          0          0          0          0        422   stm32f1xx_hal_msp.o
      1708         84          0          0          0       4444   stm32f1xx_hal_rcc.o
       664         22          0          0          0       5587   stm32f1xx_hal_tim.o
         4          0          0          0          0       1549   stm32f1xx_hal_tim_ex.o
       822          6          0          0          0       7071   stm32f1xx_hal_uart.o
        32          0          0          0          0       3818   stm32f1xx_it.o
       348         12          0          0       1024       3625   stmflash.o
        86          0          0          0          0        703   sys.o
        88         18         24          4          0       1107   system_stm32f1xx.o
       172         36          0          4         64       2811   timer.o
       204         24          0          7        264       3566   usart.o

    ----------------------------------------------------------------------
     13324        844        360        120       2936     596827   Object Totals
         0          0         32          0          0          0   (incl. Generated)
        20          0          0          6          0          0   (incl. Padding)

    ----------------------------------------------------------------------

      Code (inc. data)   RO Data    RW Data    ZI Data      Debug   Library Member Name

         8          0          0          0          0         68   __main.o
         0          0          0          0          0          0   __rtentry.o
        12          0          0          0          0          0   __rtentry2.o
         6          0          0          0          0          0   __rtentry4.o
        52          8          0          0          0          0   __scatter.o
        26          0          0          0          0          0   __scatter_copy.o
        28          0          0          0          0          0   __scatter_zi.o
        18          0          0          0          0         80   exit.o
         6          0          0          0          0        152   heapauxi.o
         2          0          0          0          0          0   libinit.o
         2          0          0          0          0          0   libinit2.o
         2          0          0          0          0          0   libshutdown.o
         2          0          0          0          0          0   libshutdown2.o
         8          4          0          0         96         68   libspace.o
        38          0          0          0          0         68   llushr.o
         2          0          0          0          0          0   rtexit.o
        10          0          0          0          0          0   rtexit2.o
        74          0          0          0          0         80   sys_stackheap_outer.o
         2          0          0          0          0         68   use_no_semi.o
         2          0          0          0          0         68   use_no_semi_2.o
        94          4          0          0          0         92   dfix.o
       340         12          0          0          0        104   dmul.o
       156          4          0          0          0         92   dnaninf.o
        12          0          0          0          0         68   dretinf.o
        86          4          0          0          0         84   f2d.o
        48          0          0          0          0         68   fflt_clz.o
       140          4          0          0          0         84   fnaninf.o
         0          0          0          0          0          0   usenofp.o

    ----------------------------------------------------------------------
      1184         40          0          0         96       1244   Library Totals
         8          0          0          0          0          0   (incl. Padding)

    ----------------------------------------------------------------------

      Code (inc. data)   RO Data    RW Data    ZI Data      Debug   Library Name

       300         12          0          0         96        652   c_w.l
       876         28          0          0          0        592   fz_ws.l

    ----------------------------------------------------------------------
      1184         40          0          0         96       1244   Library Totals

    ----------------------------------------------------------------------

==============================================================================


      Code (inc. data)   RO Data    RW Data    ZI Data      Debug   

     14508        884        360        120       3032     591983   Grand Totals
     14508        884        360        120       3032     591983   ELF Image Totals
     14508        884        360        120          0          0   ROM Totals

==============================================================================

    Total RO  Size (Code + RO Data)                14868 (  14.52kB)
    Total RW  Size (RW Data + ZI Data)              3152 (   3.08kB)
    Total ROM Size (Code + RO Data + RW Data)      14988 (  14.64kB)

==============================================================================

